Component: ARM Compiler 5.06 update 7 (build 960) Tool: armlink [4d3601]

==============================================================================

Section Cross References

    startup_stm32f303x8.o(STACK) refers (Special) to heapauxi.o(.text) for __use_two_region_memory
    startup_stm32f303x8.o(HEAP) refers (Special) to heapauxi.o(.text) for __use_two_region_memory
    startup_stm32f303x8.o(RESET) refers (Special) to heapauxi.o(.text) for __use_two_region_memory
    startup_stm32f303x8.o(RESET) refers to startup_stm32f303x8.o(STACK) for __initial_sp
    startup_stm32f303x8.o(RESET) refers to startup_stm32f303x8.o(.text) for Reset_Handler
    startup_stm32f303x8.o(RESET) refers to stm32f3xx_it.o(i.NMI_Handler) for NMI_Handler
    startup_stm32f303x8.o(RESET) refers to stm32f3xx_it.o(i.HardFault_Handler) for HardFault_Handler
    startup_stm32f303x8.o(RESET) refers to stm32f3xx_it.o(i.MemManage_Handler) for MemManage_Handler
    startup_stm32f303x8.o(RESET) refers to stm32f3xx_it.o(i.BusFault_Handler) for BusFault_Handler
    startup_stm32f303x8.o(RESET) refers to stm32f3xx_it.o(i.UsageFault_Handler) for UsageFault_Handler
    startup_stm32f303x8.o(RESET) refers to stm32f3xx_it.o(i.SVC_Handler) for SVC_Handler
    startup_stm32f303x8.o(RESET) refers to stm32f3xx_it.o(i.DebugMon_Handler) for DebugMon_Handler
    startup_stm32f303x8.o(RESET) refers to stm32f3xx_it.o(i.PendSV_Handler) for PendSV_Handler
    startup_stm32f303x8.o(RESET) refers to stm32f3xx_it.o(i.SysTick_Handler) for SysTick_Handler
    startup_stm32f303x8.o(RESET) refers to stm32f3xx_it.o(i.TIM2_IRQHandler) for TIM2_IRQHandler
    startup_stm32f303x8.o(RESET) refers to stm32f3xx_it.o(i.USART2_IRQHandler) for USART2_IRQHandler
    startup_stm32f303x8.o(.text) refers (Special) to heapauxi.o(.text) for __use_two_region_memory
    startup_stm32f303x8.o(.text) refers to system_stm32f3xx.o(i.SystemInit) for SystemInit
    startup_stm32f303x8.o(.text) refers to __main.o(!!!main) for __main
    startup_stm32f303x8.o(.text) refers to startup_stm32f303x8.o(HEAP) for Heap_Mem
    startup_stm32f303x8.o(.text) refers to startup_stm32f303x8.o(STACK) for Stack_Mem
    main.o(i.Error_Handler) refers to stm32f3xx_hal_gpio.o(i.HAL_GPIO_TogglePin) for HAL_GPIO_TogglePin
    main.o(i.HAL_TIM_PeriodElapsedCallback) refers to main.o(.data) for .data
    main.o(i.HAL_UART_RxCpltCallback) refers to stm32f3xx_hal_uart.o(i.HAL_UART_Receive_IT) for HAL_UART_Receive_IT
    main.o(i.HAL_UART_RxCpltCallback) refers to main.o(.data) for .data
    main.o(i.HAL_UART_RxCpltCallback) refers to main.o(.bss) for .bss
    main.o(i.MX_ADC1_Init) refers to rt_memclr_w.o(.text) for __aeabi_memclr4
    main.o(i.MX_ADC1_Init) refers to stm32f3xx_hal_adc_ex.o(i.HAL_ADC_Init) for HAL_ADC_Init
    main.o(i.MX_ADC1_Init) refers to stm32f3xx_hal_adc_ex.o(i.HAL_ADC_ConfigChannel) for HAL_ADC_ConfigChannel
    main.o(i.MX_ADC1_Init) refers to main.o(i.Error_Handler) for Error_Handler
    main.o(i.MX_ADC1_Init) refers to main.o(.bss) for .bss
    main.o(i.MX_GPIO_Init) refers to rt_memclr_w.o(.text) for __aeabi_memclr4
    main.o(i.MX_GPIO_Init) refers to stm32f3xx_hal_gpio.o(i.HAL_GPIO_WritePin) for HAL_GPIO_WritePin
    main.o(i.MX_GPIO_Init) refers to stm32f3xx_hal_gpio.o(i.HAL_GPIO_Init) for HAL_GPIO_Init
    main.o(i.MX_TIM2_Init) refers to stm32f3xx_hal_tim.o(i.HAL_TIM_Base_Init) for HAL_TIM_Base_Init
    main.o(i.MX_TIM2_Init) refers to stm32f3xx_hal_tim.o(i.HAL_TIM_ConfigClockSource) for HAL_TIM_ConfigClockSource
    main.o(i.MX_TIM2_Init) refers to stm32f3xx_hal_tim_ex.o(i.HAL_TIMEx_MasterConfigSynchronization) for HAL_TIMEx_MasterConfigSynchronization
    main.o(i.MX_TIM2_Init) refers to main.o(i.Error_Handler) for Error_Handler
    main.o(i.MX_TIM2_Init) refers to main.o(.bss) for .bss
    main.o(i.MX_USART2_UART_Init) refers to stm32f3xx_hal_uart.o(i.HAL_UART_Init) for HAL_UART_Init
    main.o(i.MX_USART2_UART_Init) refers to main.o(i.Error_Handler) for Error_Handler
    main.o(i.MX_USART2_UART_Init) refers to main.o(.bss) for .bss
    main.o(i.SystemClock_Config) refers to rt_memclr_w.o(.text) for __aeabi_memclr4
    main.o(i.SystemClock_Config) refers to stm32f3xx_hal_rcc.o(i.HAL_RCC_OscConfig) for HAL_RCC_OscConfig
    main.o(i.SystemClock_Config) refers to stm32f3xx_hal_rcc.o(i.HAL_RCC_ClockConfig) for HAL_RCC_ClockConfig
    main.o(i.SystemClock_Config) refers to main.o(i.Error_Handler) for Error_Handler
    main.o(i.apply_preset) refers to _printf_percent.o(.ARM.Collect$$_printf_percent$$00000000) for _printf_percent
    main.o(i.apply_preset) refers to _printf_u.o(.ARM.Collect$$_printf_percent$$0000000A) for _printf_u
    main.o(i.apply_preset) refers to _printf_s.o(.ARM.Collect$$_printf_percent$$00000014) for _printf_s
    main.o(i.apply_preset) refers to _printf_dec.o(.text) for _printf_int_dec
    main.o(i.apply_preset) refers to _printf_str.o(.text) for _printf_str
[...]
    ../clib/signal.c                         0x00000000   Number         0  defsig_fpe_formal.o ABSOLUTE
    ../clib/signal.c                         0x00000000   Number         0  defsig_stak_inner.o ABSOLUTE
    ../clib/signal.c                         0x00000000   Number         0  defsig_general.o ABSOLUTE
    ../clib/signal.c                         0x00000000   Number         0  defsig_pvfn_inner.o ABSOLUTE
    ../clib/signal.c                         0x00000000   Number         0  defsig_rtmem_outer.o ABSOLUTE
    ../clib/signal.s                         0x00000000   Number         0  defsig.o ABSOLUTE
    ../clib/stdlib.c                         0x00000000   Number         0  exit.o ABSOLUTE
    ../clib/string.c                         0x00000000   Number         0  strncmp.o ABSOLUTE
    ../fplib/fpinit.s                        0x00000000   Number         0  fpinit.o ABSOLUTE
    ..\Core\Src\main.c                       0x00000000   Number         0  main.o ABSOLUTE
    ..\Core\Src\stm32f3xx_hal_msp.c          0x00000000   Number         0  stm32f3xx_hal_msp.o ABSOLUTE
    ..\Core\Src\stm32f3xx_it.c               0x00000000   Number         0  stm32f3xx_it.o ABSOLUTE
    ..\Core\Src\system_stm32f3xx.c           0x00000000   Number         0  system_stm32f3xx.o ABSOLUTE
    ..\Drivers\STM32F3xx_HAL_Driver\Src\stm32f3xx_hal.c 0x00000000   Number         0  stm32f3xx_hal.o ABSOLUTE
    ..\Drivers\STM32F3xx_HAL_Driver\Src\stm32f3xx_hal_adc.c 0x00000000   Number         0  stm32f3xx_hal_adc.o ABSOLUTE
    ..\Drivers\STM32F3xx_HAL_Driver\Src\stm32f3xx_hal_adc_ex.c 0x00000000   Number         0  stm32f3xx_hal_adc_ex.o ABSOLUTE
    ..\Drivers\STM32F3xx_HAL_Driver\Src\stm32f3xx_hal_cortex.c 0x00000000   Number         0  stm32f3xx_hal_cortex.o ABSOLUTE
    ..\Drivers\STM32F3xx_HAL_Driver\Src\stm32f3xx_hal_dma.c 0x00000000   Number         0  stm32f3xx_hal_dma.o ABSOLUTE
    ..\Drivers\STM32F3xx_HAL_Driver\Src\stm32f3xx_hal_exti.c 0x00000000   Number         0  stm32f3xx_hal_exti.o ABSOLUTE
    ..\Drivers\STM32F3xx_HAL_Driver\Src\stm32f3xx_hal_flash.c 0x00000000   Number         0  stm32f3xx_hal_flash.o ABSOLUTE
    ..\Drivers\STM32F3xx_HAL_Driver\Src\stm32f3xx_hal_flash_ex.c 0x00000000   Number         0  stm32f3xx_hal_flash_ex.o ABSOLUTE
    ..\Drivers\STM32F3xx_HAL_Driver\Src\stm32f3xx_hal_gpio.c 0x00000000   Number         0  stm32f3xx_hal_gpio.o ABSOLUTE
    ..\Drivers\STM32F3xx_HAL_Driver\Src\stm32f3xx_hal_i2c.c 0x00000000   Number         0  stm32f3xx_hal_i2c.o ABSOLUTE
    ..\Drivers\STM32F3xx_HAL_Driver\Src\stm32f3xx_hal_i2c_ex.c 0x00000000   Number         0  stm32f3xx_hal_i2c_ex.o ABSOLUTE
    ..\Drivers\STM32F3xx_HAL_Driver\Src\stm32f3xx_hal_pwr.c 0x00000000   Number         0  stm32f3xx_hal_pwr.o ABSOLUTE
    ..\Drivers\STM32F3xx_HAL_Driver\Src\stm32f3xx_hal_pwr_ex.c 0x00000000   Number         0  stm32f3xx_hal_pwr_ex.o ABSOLUTE
    ..\Drivers\STM32F3xx_HAL_Driver\Src\stm32f3xx_hal_rcc.c 0x00000000   Number         0  stm32f3xx_hal_rcc.o ABSOLUTE
    ..\Drivers\STM32F3xx_HAL_Driver\Src\stm32f3xx_hal_rcc_ex.c 0x00000000   Number         0  stm32f3xx_hal_rcc_ex.o ABSOLUTE
    ..\Drivers\STM32F3xx_HAL_Driver\Src\stm32f3xx_hal_tim.c 0x00000000   Number         0  stm32f3xx_hal_tim.o ABSOLUTE
    ..\Drivers\STM32F3xx_HAL_Driver\Src\stm32f3xx_hal_tim_ex.c 0x00000000   Number         0  stm32f3xx_hal_tim_ex.o ABSOLUTE
    ..\Drivers\STM32F3xx_HAL_Driver\Src\stm32f3xx_hal_uart.c 0x00000000   Number         0  stm32f3xx_hal_uart.o ABSOLUTE
    ..\Drivers\STM32F3xx_HAL_Driver\Src\stm32f3xx_hal_uart_ex.c 0x00000000   Number         0  stm32f3xx_hal_uart_ex.o ABSOLUTE
    dc.s                                     0x00000000   Number         0  dc.o ABSOLUTE
    startup_stm32f303x8.s                    0x00000000   Number         0  startup_stm32f303x8.o ABSOLUTE
    RESET                                    0x08000000   Section      392  startup_stm32f303x8.o(RESET)
    !!!main                                  0x08000188   Section        8  __main.o(!!!main)
    !!!scatter                               0x08000190   Section       52  __scatter.o(!!!scatter)
    !!handler_copy                           0x080001c4   Section       26  __scatter_copy.o(!!handler_copy)
    !!handler_zi                             0x080001e0   Section       28  __scatter_zi.o(!!handler_zi)
    .ARM.Collect$$_printf_percent$$00000000  0x080001fc   Section        0  _printf_percent.o(.ARM.Collect$$_printf_percent$$00000000)
    .ARM.Collect$$_printf_percent$$0000000A  0x080001fc   Section        6  _printf_u.o(.ARM.Collect$$_printf_percent$$0000000A)
    .ARM.Collect$$_printf_percent$$00000014  0x08000202   Section        6  _printf_s.o(.ARM.Collect$$_printf_percent$$00000014)
    .ARM.Collect$$_printf_percent$$00000017  0x08000208   Section        4  _printf_percent_end.o(.ARM.Collect$$_printf_percent$$00000017)
    .ARM.Collect$$libinit$$00000000          0x0800020c   Section        2  libinit.o(.ARM.Collect$$libinit$$00000000)
    .ARM.Collect$$libinit$$00000001          0x0800020e   Section        4  libinit2.o(.ARM.Collect$$libinit$$00000001)
    .ARM.Collect$$libinit$$00000004          0x08000212   Section        0  libinit2.o(.ARM.Collect$$libinit$$00000004)
    .ARM.Collect$$libinit$$0000000A          0x08000212   Section        0  libinit2.o(.ARM.Collect$$libinit$$0000000A)
    .ARM.Collect$$libinit$$0000000C          0x08000212   Section        0  libinit2.o(.ARM.Collect$$libinit$$0000000C)
    .ARM.Collect$$libinit$$0000000E          0x08000212   Section        0  libinit2.o(.ARM.Collect$$libinit$$0000000E)
    .ARM.Collect$$libinit$$0000000F          0x08000212   Section        6  libinit2.o(.ARM.Collect$$libinit$$0000000F)
    .ARM.Collect$$libinit$$00000011          0x08000218   Section        0  libinit2.o(.ARM.Collect$$libinit$$00000011)
    .ARM.Collect$$libinit$$00000012          0x08000218   Section       12  libinit2.o(.ARM.Collect$$libinit$$00000012)
    .ARM.Collect$$libinit$$00000013          0x08000224   Section        0  libinit2.o(.ARM.Collect$$libinit$$00000013)
    .ARM.Collect$$libinit$$00000015          0x08000224   Section        0  libinit2.o(.ARM.Collect$$libinit$$00000015)
    .ARM.Collect$$libinit$$00000017          0x08000224   Section        0  libinit2.o(.ARM.Collect$$libinit$$00000017)
    .ARM.Collect$$libinit$$00000019          0x08000224   Section        0  libinit2.o(.ARM.Collect$$libinit$$00000019)
    .ARM.Collect$$libinit$$0000001B          0x08000224   Section        0  libinit2.o(.ARM.Collect$$libinit$$0000001B)
    .ARM.Collect$$libinit$$0000001D          0x08000224   Section        0  libinit2.o(.ARM.Collect$$libinit$$0000001D)
    .ARM.Collect$$libinit$$0000001F          0x08000224   Section        0  libinit2.o(.ARM.Collect$$libinit$$0000001F)
    .ARM.Collect$$libinit$$00000021          0x08000224   Section        0  libinit2.o(.ARM.Collect$$libinit$$00000021)
    .ARM.Collect$$libinit$$00000023          0x08000224   Section        0  libinit2.o(.ARM.Collect$$libinit$$00000023)
    .ARM.Collect$$libinit$$00000025          0x08000224   Section        0  libinit2.o(.ARM.Collect$$libinit$$00000025)
    .ARM.Collect$$libinit$$0000002C          0x08000224   Section        0  libinit2.o(.ARM.Collect$$libinit$$0000002C)
    .ARM.Collect$$libinit$$0000002E          0x08000224   Section        0  libinit2.o(.ARM.Collect$$libinit$$0000002E)
    .ARM.Collect$$libinit$$00000030          0x08000224   Section        0  libinit2.o(.ARM.Collect$$libinit$$00000030)
    .ARM.Collect$$libinit$$00000032          0x08000224   Section        0  libinit2.o(.ARM.Collect$$libinit$$00000032)
    .ARM.Collect$$libinit$$00000033          0x08000224   Section        2  libinit2.o(.ARM.Collect$$libinit$$00000033)
    .ARM.Collect$$libshutdown$$00000000      0x08000226   Section        2  libshutdown.o(.ARM.Collect$$libshutdown$$00000000)
    .ARM.Collect$$libshutdown$$00000002      0x08000228   Section        0  libshutdown2.o(.ARM.Collect$$libshutdown$$00000002)
    .ARM.Collect$$libshutdown$$00000004      0x08000228   Section        0  libshutdown2.o(.ARM.Collect$$libshutdown$$00000004)
    .ARM.Collect$$libshutdown$$00000006      0x08000228   Section        0  libshutdown2.o(.ARM.Collect$$libshutdown$$00000006)
    .ARM.Collect$$libshutdown$$00000009      0x08000228   Section        0  libshutdown2.o(.ARM.Collect$$libshutdown$$00000009)
    .ARM.Collect$$libshutdown$$0000000C      0x08000228   Section        0  libshutdown2.o(.ARM.Collect$$libshutdown$$0000000C)
    .ARM.Collect$$libshutdown$$0000000E      0x08000228   Section        0  libshutdown2.o(.ARM.Collect$$libshutdown$$0000000E)
    .ARM.Collect$$libshutdown$$00000011      0x08000228   Section        0  libshutdown2.o(.ARM.Collect$$libshutdown$$00000011)
    .ARM.Collect$$libshutdown$$00000012      0x08000228   Section        2  libshutdown2.o(.ARM.Collect$$libshutdown$$00000012)
    .ARM.Collect$$rtentry$$00000000          0x0800022a   Section        0  __rtentry.o(.ARM.Collect$$rtentry$$00000000)
    .ARM.Collect$$rtentry$$00000002          0x0800022a   Section        0  __rtentry2.o(.ARM.Collect$$rtentry$$00000002)
    .ARM.Collect$$rtentry$$00000004          0x0800022a   Section        6  __rtentry4.o(.ARM.Collect$$rtentry$$00000004)
    .ARM.Collect$$rtentry$$00000009          0x08000230   Section        0  __rtentry2.o(.ARM.Collect$$rtentry$$00000009)
    .ARM.Collect$$rtentry$$0000000A          0x08000230   Section        4  __rtentry2.o(.ARM.Collect$$rtentry$$0000000A)
    .ARM.Collect$$rtentry$$0000000C          0x08000234   Section        0  __rtentry2.o(.ARM.Collect$$rtentry$$0000000C)
    .ARM.Collect$$rtentry$$0000000D          0x08000234   Section        8  __rtentry2.o(.ARM.Collect$$rtentry$$0000000D)
    .ARM.Collect$$rtexit$$00000000           0x0800023c   Section        2  rtexit.o(.ARM.Collect$$rtexit$$00000000)
    .ARM.Collect$$rtexit$$00000002           0x0800023e   Section        0  rtexit2.o(.ARM.Collect$$rtexit$$00000002)
    .ARM.Collect$$rtexit$$00000003           0x0800023e   Section        4  rtexit2.o(.ARM.Collect$$rtexit$$00000003)
    .ARM.Collect$$rtexit$$00000004           0x08000242   Section        6  rtexit2.o(.ARM.Collect$$rtexit$$00000004)
    .text                                    0x08000248   Section       64  startup_stm32f303x8.o(.text)
    $v0                                      0x08000248   Number         0  startup_stm32f303x8.o(.text)
    .text                                    0x08000288   Section      238  lludivv7m.o(.text)
    .text                                    0x08000378   Section        0  __2snprintf.o(.text)
    .text                                    0x080003b0   Section        0  _printf_pad.o(.text)
    .text                                    0x080003fe   Section        0  _printf_str.o(.text)
    .text                                    0x08000450   Section        0  _printf_dec.o(.text)
    .text                                    0x080004c8   Section        0  __printf_wp.o(.text)
    .text                                    0x080005d6   Section        0  atoi.o(.text)
    .text                                    0x080005f0   Section        0  strncmp.o(.text)
    .text                                    0x08000686   Section       16  aeabi_memset.o(.text)
    .text                                    0x08000696   Section       68  rt_memclr.o(.text)
    .text                                    0x080006da   Section       78  rt_memclr_w.o(.text)
    .text                                    0x08000728   Section        0  heapauxi.o(.text)
    .text                                    0x08000730   Section        8  rt_errno_addr_intlibspace.o(.text)
    .text                                    0x08000738   Section        0  _printf_intcommon.o(.text)
    .text                                    0x080007ec   Section        0  _printf_char_common.o(.text)
    _printf_input_char                       0x080007ed   Thumb Code    10  _printf_char_common.o(.text)
    .text                                    0x0800081c   Section        0  _sputc.o(.text)
    .text                                    0x08000826   Section        0  _snputc.o(.text)
    .text                                    0x08000836   Section        0  _printf_char.o(.text)
    .text                                    0x08000862   Section        0  strtol.o(.text)
    .text                                    0x080008d4   Section        8  libspace.o(.text)
    .text                                    0x080008dc   Section       16  rt_ctype_table.o(.text)
    .text                                    0x080008ec   Section        0  _strtoul.o(.text)
    .text                                    0x0800098a   Section       74  sys_stackheap_outer.o(.text)
    .text                                    0x080009d4   Section        8  rt_locale_intlibspace.o(.text)
    .text                                    0x080009dc   Section        0  _chval.o(.text)
    .text                                    0x080009f8   Section        0  exit.o(.text)
    .text                                    0x08000a0c   Section      128  strcmpv7m.o(.text)
    .text                                    0x08000a8c   Section        0  sys_exit.o(.text)
    .text                                    0x08000a98   Section        2  use_no_semi.o(.text)
    .text                                    0x08000a9a   Section        0  indicate_semi.o(.text)
    i.ADC_Disable                            0x08000a9c   Section        0  stm32f3xx_hal_adc_ex.o(i.ADC_Disable)
    ADC_Disable                              0x08000a9d   Thumb Code   106  stm32f3xx_hal_adc_ex.o(i.ADC_Disable)
    i.ADC_Enable                             0x08000b08   Section        0  stm32f3xx_hal_adc_ex.o(i.ADC_Enable)
    ADC_Enable                               0x08000b09   Thumb Code   102  stm32f3xx_hal_adc_ex.o(i.ADC_Enable)
    i.BusFault_Handler                       0x08000b74   Section        0  stm32f3xx_it.o(i.BusFault_Handler)
    i.DebugMon_Handler                       0x08000b76   Section        0  stm32f3xx_it.o(i.DebugMon_Handler)
    i.Error_Handler                          0x08000b78   Section        0  main.o(i.Error_Handler)
    i.HAL_ADCEx_Calibration_Start            0x08000ba0   Section        0  stm32f3xx_hal_adc_ex.o(i.HAL_ADCEx_Calibration_Start)
    i.HAL_ADC_ConfigChannel                  0x08000c40   Section        0  stm32f3xx_hal_adc_ex.o(i.HAL_ADC_ConfigChannel)
    i.HAL_ADC_GetValue                       0x08000f90   Section        0  stm32f3xx_hal_adc_ex.o(i.HAL_ADC_GetValue)
    i.HAL_ADC_Init                           0x08000f98   Section        0  stm32f3xx_hal_adc_ex.o(i.HAL_ADC_Init)
    i.HAL_ADC_MspInit                        0x0800117c   Section        0  stm32f3xx_hal_msp.o(i.HAL_ADC_MspInit)
    i.HAL_ADC_PollForConversion              0x080011d4   Section        0  stm32f3xx_hal_adc_ex.o(i.HAL_ADC_PollForConversion)
    i.HAL_ADC_Start                          0x080012bc   Section        0  stm32f3xx_hal_adc_ex.o(i.HAL_ADC_Start)
    i.HAL_DMA_Abort                          0x08001394   Section        0  stm32f3xx_hal_dma.o(i.HAL_DMA_Abort)
    i.HAL_DMA_Abort_IT                       0x080013dc   Section        0  stm32f3xx_hal_dma.o(i.HAL_DMA_Abort_IT)
    i.HAL_Delay                              0x08001428   Section        0  stm32f3xx_hal.o(i.HAL_Delay)
    i.HAL_GPIO_Init                          0x0800144c   Section        0  stm32f3xx_hal_gpio.o(i.HAL_GPIO_Init)
    i.HAL_GPIO_ReadPin                       0x0800166c   Section        0  stm32f3xx_hal_gpio.o(i.HAL_GPIO_ReadPin)
    i.HAL_GPIO_TogglePin                     0x08001676   Section        0  stm32f3xx_hal_gpio.o(i.HAL_GPIO_TogglePin)
    i.HAL_GPIO_WritePin                      0x08001686   Section        0  stm32f3xx_hal_gpio.o(i.HAL_GPIO_WritePin)
    i.HAL_GetTick                            0x08001690   Section        0  stm32f3xx_hal.o(i.HAL_GetTick)
    i.HAL_IncTick                            0x0800169c   Section        0  stm32f3xx_hal.o(i.HAL_IncTick)
    i.HAL_Init                               0x080016ac   Section        0  stm32f3xx_hal.o(i.HAL_Init)
    i.HAL_InitTick                           0x080016d0   Section        0  stm32f3xx_hal.o(i.HAL_InitTick)
    i.HAL_MspInit                            0x08001710   Section        0  stm32f3xx_hal_msp.o(i.HAL_MspInit)
    i.HAL_NVIC_EnableIRQ                     0x0800173c   Section        0  stm32f3xx_hal_cortex.o(i.HAL_NVIC_EnableIRQ)
    i.HAL_NVIC_SetPriority                   0x08001758   Section        0  stm32f3xx_hal_cortex.o(i.HAL_NVIC_SetPriority)
    i.HAL_NVIC_SetPriorityGrouping           0x08001798   Section        0  stm32f3xx_hal_cortex.o(i.HAL_NVIC_SetPriorityGrouping)
    i.HAL_RCC_ClockConfig                    0x080017bc   Section        0  stm32f3xx_hal_rcc.o(i.HAL_RCC_ClockConfig)
    i.HAL_RCC_GetPCLK1Freq                   0x08001904   Section        0  stm32f3xx_hal_rcc.o(i.HAL_RCC_GetPCLK1Freq)
    i.HAL_RCC_GetPCLK2Freq                   0x08001934   Section        0  stm32f3xx_hal_rcc.o(i.HAL_RCC_GetPCLK2Freq)
    i.HAL_RCC_GetSysClockFreq                0x08001964   Section        0  stm32f3xx_hal_rcc.o(i.HAL_RCC_GetSysClockFreq)
    i.HAL_RCC_OscConfig                      0x080019b4   Section        0  stm32f3xx_hal_rcc.o(i.HAL_RCC_OscConfig)
    i.HAL_SYSTICK_Config                     0x08001f7c   Section        0  stm32f3xx_hal_cortex.o(i.HAL_SYSTICK_Config)
    i.HAL_TIMEx_Break2Callback               0x08001fa4   Section        0  stm32f3xx_hal_tim_ex.o(i.HAL_TIMEx_Break2Callback)
    i.HAL_TIMEx_BreakCallback                0x08001fa6   Section        0  stm32f3xx_hal_tim_ex.o(i.HAL_TIMEx_BreakCallback)
    i.HAL_TIMEx_CommutCallback               0x08001fa8   Section        0  stm32f3xx_hal_tim_ex.o(i.HAL_TIMEx_CommutCallback)
    i.HAL_TIMEx_MasterConfigSynchronization  0x08001fac   Section        0  stm32f3xx_hal_tim_ex.o(i.HAL_TIMEx_MasterConfigSynchronization)
    i.HAL_TIM_Base_Init                      0x08002020   Section        0  stm32f3xx_hal_tim.o(i.HAL_TIM_Base_Init)
    i.HAL_TIM_Base_MspInit                   0x08002084   Section        0  stm32f3xx_hal_msp.o(i.HAL_TIM_Base_MspInit)
    i.HAL_TIM_Base_Start_IT                  0x080020bc   Section        0  stm32f3xx_hal_tim.o(i.HAL_TIM_Base_Start_IT)
    i.HAL_TIM_ConfigClockSource              0x08002120   Section        0  stm32f3xx_hal_tim.o(i.HAL_TIM_ConfigClockSource)
    i.HAL_TIM_IC_CaptureCallback             0x08002200   Section        0  stm32f3xx_hal_tim.o(i.HAL_TIM_IC_CaptureCallback)
    i.HAL_TIM_IRQHandler                     0x08002202   Section        0  stm32f3xx_hal_tim.o(i.HAL_TIM_IRQHandler)
    i.HAL_TIM_OC_DelayElapsedCallback        0x08002348   Section        0  stm32f3xx_hal_tim.o(i.HAL_TIM_OC_DelayElapsedCallback)
    i.HAL_TIM_PWM_PulseFinishedCallback      0x0800234a   Section        0  stm32f3xx_hal_tim.o(i.HAL_TIM_PWM_PulseFinishedCallback)
    i.HAL_TIM_PeriodElapsedCallback          0x0800234c   Section        0  main.o(i.HAL_TIM_PeriodElapsedCallback)
    i.HAL_TIM_TriggerCallback                0x08002360   Section        0  stm32f3xx_hal_tim.o(i.HAL_TIM_TriggerCallback)
    i.HAL_UARTEx_RxEventCallback             0x08002362   Section        0  stm32f3xx_hal_uart.o(i.HAL_UARTEx_RxEventCallback)
    i.HAL_UARTEx_WakeupCallback              0x08002364   Section        0  stm32f3xx_hal_uart_ex.o(i.HAL_UARTEx_WakeupCallback)
    i.HAL_UART_ErrorCallback                 0x08002366   Section        0  stm32f3xx_hal_uart.o(i.HAL_UART_ErrorCallback)
    i.HAL_UART_IRQHandler                    0x08002368   Section        0  stm32f3xx_hal_uart.o(i.HAL_UART_IRQHandler)
    i.HAL_UART_Init                          0x08002620   Section        0  stm32f3xx_hal_uart.o(i.HAL_UART_Init)
    i.HAL_UART_MspInit                       0x08002688   Section        0  stm32f3xx_hal_msp.o(i.HAL_UART_MspInit)
    i.HAL_UART_Receive_IT                    0x080026fc   Section        0  stm32f3xx_hal_uart.o(i.HAL_UART_Receive_IT)
    i.HAL_UART_RxCpltCallback                0x08002738   Section        0  main.o(i.HAL_UART_RxCpltCallback)
    i.HAL_UART_Transmit                      0x0800277c   Section        0  stm32f3xx_hal_uart.o(i.HAL_UART_Transmit)
    i.HAL_UART_TxCpltCallback                0x08002820   Section        0  stm32f3xx_hal_uart.o(i.HAL_UART_TxCpltCallback)
    i.HardFault_Handler                      0x08002822   Section        0  stm32f3xx_it.o(i.HardFault_Handler)
    i.MX_ADC1_Init                           0x08002824   Section        0  main.o(i.MX_ADC1_Init)
    MX_ADC1_Init                             0x08002825   Thumb Code    92  main.o(i.MX_ADC1_Init)
    i.MX_GPIO_Init                           0x08002884   Section        0  main.o(i.MX_GPIO_Init)
    MX_GPIO_Init                             0x08002885   Thumb Code   226  main.o(i.MX_GPIO_Init)
    i.MX_TIM2_Init                           0x08002974   Section        0  main.o(i.MX_TIM2_Init)
    MX_TIM2_Init                             0x08002975   Thumb Code    90  main.o(i.MX_TIM2_Init)
    i.MX_USART2_UART_Init                    0x080029d4   Section        0  main.o(i.MX_USART2_UART_Init)
    MX_USART2_UART_Init                      0x080029d5   Thumb Code    46  main.o(i.MX_USART2_UART_Init)
    i.MemManage_Handler                      0x08002a0c   Section        0  stm32f3xx_it.o(i.MemManage_Handler)
    i.NMI_Handler                            0x08002a0e   Section        0  stm32f3xx_it.o(i.NMI_Handler)
    i.PendSV_Handler                         0x08002a10   Section        0  stm32f3xx_it.o(i.PendSV_Handler)
    i.SVC_Handler                            0x08002a12   Section        0  stm32f3xx_it.o(i.SVC_Handler)
    i.SysTick_Handler                        0x08002a14   Section        0  stm32f3xx_it.o(i.SysTick_Handler)
    i.SystemClock_Config                     0x08002a18   Section        0  main.o(i.SystemClock_Config)
    i.SystemInit                             0x08002a70   Section        0  system_stm32f3xx.o(i.SystemInit)
    i.TIM2_IRQHandler                        0x08002a80   Section        0  stm32f3xx_it.o(i.TIM2_IRQHandler)
    i.TIM_Base_SetConfig                     0x08002a8c   Section        0  stm32f3xx_hal_tim.o(i.TIM_Base_SetConfig)
    i.TIM_ETR_SetConfig                      0x08002b20   Section        0  stm32f3xx_hal_tim.o(i.TIM_ETR_SetConfig)
    i.TIM_ITRx_SetConfig                     0x08002b34   Section        0  stm32f3xx_hal_tim.o(i.TIM_ITRx_SetConfig)
    TIM_ITRx_SetConfig                       0x08002b35   Thumb Code    16  stm32f3xx_hal_tim.o(i.TIM_ITRx_SetConfig)
    i.TIM_TI1_ConfigInputStage               0x08002b44   Section        0  stm32f3xx_hal_tim.o(i.TIM_TI1_ConfigInputStage)
    TIM_TI1_ConfigInputStage                 0x08002b45   Thumb Code    34  stm32f3xx_hal_tim.o(i.TIM_TI1_ConfigInputStage)
    i.TIM_TI2_ConfigInputStage               0x08002b66   Section        0  stm32f3xx_hal_tim.o(i.TIM_TI2_ConfigInputStage)
    TIM_TI2_ConfigInputStage                 0x08002b67   Thumb Code    36  stm32f3xx_hal_tim.o(i.TIM_TI2_ConfigInputStage)
    i.UART_AdvFeatureConfig                  0x08002b8a   Section        0  stm32f3xx_hal_uart.o(i.UART_AdvFeatureConfig)
    i.UART_CheckIdleState                    0x08002c52   Section        0  stm32f3xx_hal_uart.o(i.UART_CheckIdleState)
    i.UART_DMAAbortOnError                   0x08002cfa   Section        0  stm32f3xx_hal_uart.o(i.UART_DMAAbortOnError)
    UART_DMAAbortOnError                     0x08002cfb   Thumb Code    20  stm32f3xx_hal_uart.o(i.UART_DMAAbortOnError)
    i.UART_EndRxTransfer                     0x08002d0e   Section        0  stm32f3xx_hal_uart.o(i.UART_EndRxTransfer)
    UART_EndRxTransfer                       0x08002d0f   Thumb Code    76  stm32f3xx_hal_uart.o(i.UART_EndRxTransfer)
    i.UART_RxISR_16BIT                       0x08002d5a   Section        0  stm32f3xx_hal_uart.o(i.UART_RxISR_16BIT)
    UART_RxISR_16BIT                         0x08002d5b   Thumb Code   190  stm32f3xx_hal_uart.o(i.UART_RxISR_16BIT)
    i.UART_RxISR_8BIT                        0x08002e18   Section        0  stm32f3xx_hal_uart.o(i.UART_RxISR_8BIT)
    UART_RxISR_8BIT                          0x08002e19   Thumb Code   190  stm32f3xx_hal_uart.o(i.UART_RxISR_8BIT)
    i.UART_SetConfig                         0x08002ed8   Section        0  stm32f3xx_hal_uart.o(i.UART_SetConfig)
    i.UART_Start_Receive_IT                  0x08003018   Section        0  stm32f3xx_hal_uart.o(i.UART_Start_Receive_IT)
    i.UART_WaitOnFlagUntilTimeout            0x080030d0   Section        0  stm32f3xx_hal_uart.o(i.UART_WaitOnFlagUntilTimeout)
    i.USART2_IRQHandler                      0x08003164   Section        0  stm32f3xx_it.o(i.USART2_IRQHandler)
    i.UsageFault_Handler                     0x08003170   Section        0  stm32f3xx_it.o(i.UsageFault_Handler)
    i.__NVIC_SetPriority                     0x08003172   Section        0  stm32f3xx_hal_cortex.o(i.__NVIC_SetPriority)
    __NVIC_SetPriority                       0x08003173   Thumb Code    32  stm32f3xx_hal_cortex.o(i.__NVIC_SetPriority)
    i._is_digit                              0x08003192   Section        0  __printf_wp.o(i._is_digit)
    i.apply_preset                           0x080031a0   Section        0  main.o(i.apply_preset)
    apply_preset                             0x080031a1   Thumb Code    80  main.o(i.apply_preset)
    i.button_poll                            0x08003218   Section        0  main.o(i.button_poll)
    button_poll                              0x08003219   Thumb Code    66  main.o(i.button_poll)
    i.lcd_cmd                                0x08003260   Section        0  main.o(i.lcd_cmd)
    lcd_cmd                                  0x08003261   Thumb Code     6  main.o(i.lcd_cmd)
    i.lcd_delay_us                           0x08003266   Section        0  main.o(i.lcd_delay_us)
    lcd_delay_us                             0x08003267   Thumb Code    24  main.o(i.lcd_delay_us)
    i.lcd_print                              0x0800327e   Section        0  main.o(i.lcd_print)
    lcd_print                                0x0800327f   Thumb Code    28  main.o(i.lcd_print)
    i.lcd_set_cursor                         0x0800329a   Section        0  main.o(i.lcd_set_cursor)
    lcd_set_cursor                           0x0800329b   Thumb Code    28  main.o(i.lcd_set_cursor)
    i.lcd_update                             0x080032b8   Section        0  main.o(i.lcd_update)
    lcd_update                               0x080032b9   Thumb Code   256  main.o(i.lcd_update)
    i.lcd_write_bus                          0x080033c0   Section        0  main.o(i.lcd_write_bus)
    lcd_write_bus                            0x080033c1   Thumb Code   170  main.o(i.lcd_write_bus)
    i.main                                   0x08003474   Section        0  main.o(i.main)
    i.uart_log                               0x08003638   Section        0  main.o(i.uart_log)
    uart_log                                 0x08003639   Thumb Code    70  main.o(i.uart_log)
    i.uart_parse_line                        0x080036c0   Section        0  main.o(i.uart_parse_line)
    uart_parse_line                          0x080036c1   Thumb Code   114  main.o(i.uart_parse_line)
    i.uart_process_rx                        0x08003760   Section        0  main.o(i.uart_process_rx)
    uart_process_rx                          0x08003761   Thumb Code    70  main.o(i.uart_process_rx)
    i.update_state                           0x080037b0   Section        0  main.o(i.update_state)
    update_state                             0x080037b1   Thumb Code   248  main.o(i.update_state)
    locale$$code                             0x080038b0   Section       44  lc_ctype_c.o(locale$$code)
    x$fpl$fpinit                             0x080038dc   Section       10  fpinit.o(x$fpl$fpinit)
    $v0                                      0x080038dc   Number         0  fpinit.o(x$fpl$fpinit)
    .constdata                               0x080038e8   Section      254  main.o(.constdata)
    ok                                       0x080038e8   Data           5  main.o(.constdata)
    err                                      0x080038ed   Data           6  main.o(.constdata)
    sn                                       0x080038f4   Data          12  main.o(.constdata)
    ss                                       0x08003900   Data          12  main.o(.constdata)
    banner                                   0x0800390c   Data         218  main.o(.constdata)
    .constdata                               0x080039e6   Section       32  stm32f3xx_hal_rcc.o(.constdata)
    aPLLMULFactorTable                       0x080039e6   Data          16  stm32f3xx_hal_rcc.o(.constdata)
    aPredivFactorTable                       0x080039f6   Data          16  stm32f3xx_hal_rcc.o(.constdata)
    .constdata                               0x08003a06   Section       16  system_stm32f3xx.o(.constdata)
    .constdata                               0x08003a16   Section        8  system_stm32f3xx.o(.constdata)
    .conststring                             0x08003a20   Section       83  main.o(.conststring)
    locale$$data                             0x08003a94   Section      272  lc_ctype_c.o(locale$$data)
    __lcctype_c_name                         0x08003a98   Data           2  lc_ctype_c.o(locale$$data)
    __lcctype_c_start                        0x08003aa0   Data           0  lc_ctype_c.o(locale$$data)
    __lcctype_c_end                          0x08003ba4   Data           0  lc_ctype_c.o(locale$$data)
    .data                                    0x20000000   Section       60  main.o(.data)
    g_preset_idx                             0x20000000   Data           1  main.o(.data)
    filt_head                                0x20000001   Data           1  main.o(.data)
    g_state                                  0x20000002   Data           1  main.o(.data)
    g_tick                                   0x20000003   Data           1  main.o(.data)
    rx_head                                  0x20000004   Data           1  main.o(.data)
    rx_tail                                  0x20000005   Data           1  main.o(.data)
    rx_line_len                              0x20000006   Data           1  main.o(.data)
    low_count                                0x20000007   Data           1  main.o(.data)
    last_state                               0x20000008   Data           1  main.o(.data)
    rx_byte                                  0x20000009   Data           1  main.o(.data)
    g_warn_thr                               0x2000000a   Data           2  main.o(.data)
    g_alarm_thr                              0x2000000c   Data           2  main.o(.data)
    filt_sum                                 0x20000010   Data           4  main.o(.data)
    alarm_cnt                                0x20000014   Data           4  main.o(.data)
    calm_cnt                                 0x20000018   Data           4  main.o(.data)
    blink_cnt                                0x2000001c   Data           4  main.o(.data)
    beep_cnt                                 0x20000020   Data           4  main.o(.data)
    g_presets                                0x20000024   Data          24  main.o(.data)
    .data                                    0x2000003c   Section       12  stm32f3xx_hal.o(.data)
    .data                                    0x20000048   Section        4  system_stm32f3xx.o(.data)
    .bss                                     0x2000004c   Section      436  main.o(.bss)
    filt_buf                                 0x20000170   Data          16  main.o(.bss)
    rx_buf                                   0x20000180   Data          64  main.o(.bss)
    rx_line                                  0x200001c0   Data          64  main.o(.bss)
    .bss                                     0x20000200   Section       96  libspace.o(.bss)
    HEAP                                     0x20000260   Section      512  startup_stm32f303x8.o(HEAP)
    Heap_Mem                                 0x20000260   Data         512  startup_stm32f303x8.o(HEAP)
    STACK                                    0x20000460   Section     1024  startup_stm32f303x8.o(STACK)
    Stack_Mem                                0x20000460   Data        1024  startup_stm32f303x8.o(STACK)
    __initial_sp                             0x20000860   Data           0  startup_stm32f303x8.o(STACK)

    Global Symbols

    Symbol Name                              Value     Ov Type        Size  Object(Section)

    BuildAttributes$$THM_ISAv4$E$P$D$K$B$S$7EM$VFPi3$EXTD16$VFPS$VFMA$PE$A:L22UL41UL21$X:L11$S22US41US21$IEEE1$IW$USESV6$~STKCKD$USESV7$~SHL$OSPACE$ROPI$EBA8$UX$STANDARDLIB$REQ8$PRES8$EABIv2 0x00000000   Number         0  anon$$obj.o ABSOLUTE
    __ARM_use_no_argv                        0x00000000   Number         0  main.o ABSOLUTE
    _printf_flags                            0x00000000   Number         0  printf_stubs.o ABSOLUTE
    _printf_return_value                     0x00000000   Number         0  printf_stubs.o ABSOLUTE
    _printf_sizespec                         0x00000000   Number         0  printf_stubs.o ABSOLUTE
    _printf_widthprec                        0x00000000   Number         0  printf_stubs.o ABSOLUTE
    __ARM_exceptions_init                     - Undefined Weak Reference
    __alloca_initialize                       - Undefined Weak Reference
    __arm_fini_                               - Undefined Weak Reference
    __arm_preinit_                            - Undefined Weak Reference
    __cpp_initialize__aeabi_                  - Undefined Weak Reference
    __cxa_finalize                            - Undefined Weak Reference
    __sigvec_lookup                           - Undefined Weak Reference
    _atexit_init                              - Undefined Weak Reference
    _call_atexit_fns                          - Undefined Weak Reference
    _clock_init                               - Undefined Weak Reference
    _fp_trap_init                             - Undefined Weak Reference
    _fp_trap_shutdown                         - Undefined Weak Reference
    _get_lc_collate                           - Undefined Weak Reference
    _get_lc_monetary                          - Undefined Weak Reference
    _get_lc_numeric                           - Undefined Weak Reference
    _get_lc_time                              - Undefined Weak Reference
    _getenv_init                              - Undefined Weak Reference
    _handle_redirection                       - Undefined Weak Reference
    _init_alloc                               - Undefined Weak Reference
    _init_user_alloc                          - Undefined Weak Reference
    _initio                                   - Undefined Weak Reference
    _printf_mbtowc                            - Undefined Weak Reference
    _printf_truncate_signed                   - Undefined Weak Reference
    _printf_truncate_unsigned                 - Undefined Weak Reference
    _rand_init                                - Undefined Weak Reference
    _signal_finish                            - Undefined Weak Reference
    _signal_init                              - Undefined Weak Reference
    _terminate_alloc                          - Undefined Weak Reference
    _terminate_user_alloc                     - Undefined Weak Reference
    _terminateio                              - Undefined Weak Reference
    __Vectors_Size                           0x00000188   Number         0  startup_stm32f303x8.o ABSOLUTE
    __Vectors                                0x08000000   Data           4  startup_stm32f303x8.o(RESET)
    __Vectors_End                            0x08000188   Data           0  startup_stm32f303x8.o(RESET)
    __main                                   0x08000189   Thumb Code     8  __main.o(!!!main)
    __scatterload                            0x08000191   Thumb Code     0  __scatter.o(!!!scatter)
    __scatterload_rt2                        0x08000191   Thumb Code    44  __scatter.o(!!!scatter)
    __scatterload_rt2_thumb_only             0x08000191   Thumb Code     0  __scatter.o(!!!scatter)
    __scatterload_null                       0x0800019f   Thumb Code     0  __scatter.o(!!!scatter)
    __scatterload_copy                       0x080001c5   Thumb Code    26  __scatter_copy.o(!!handler_copy)
    __scatterload_zeroinit                   0x080001e1   Thumb Code    28  __scatter_zi.o(!!handler_zi)
    _printf_percent                          0x080001fd   Thumb Code     0  _printf_percent.o(.ARM.Collect$$_printf_percent$$00000000)
    _printf_u                                0x080001fd   Thumb Code     0  _printf_u.o(.ARM.Collect$$_printf_percent$$0000000A)
    _printf_s                                0x08000203   Thumb Code     0  _printf_s.o(.ARM.Collect$$_printf_percent$$00000014)
    _printf_percent_end                      0x08000209   Thumb Code     0  _printf_percent_end.o(.ARM.Collect$$_printf_percent$$00000017)
    __rt_lib_init                            0x0800020d   Thumb Code     0  libinit.o(.ARM.Collect$$libinit$$00000000)
    __rt_lib_init_fp_1                       0x0800020f   Thumb Code     0  libinit2.o(.ARM.Collect$$libinit$$00000001)
    __rt_lib_init_heap_1                     0x08000213   Thumb Code     0  libinit2.o(.ARM.Collect$$libinit$$0000000A)
    __rt_lib_init_lc_common                  0x08000213   Thumb Code     0  libinit2.o(.ARM.Collect$$libinit$$0000000F)
    __rt_lib_init_preinit_1                  0x08000213   Thumb Code     0  libinit2.o(.ARM.Collect$$libinit$$00000004)
    __rt_lib_init_rand_1                     0x08000213   Thumb Code     0  libinit2.o(.ARM.Collect$$libinit$$0000000E)
    __rt_lib_init_user_alloc_1               0x08000213   Thumb Code     0  libinit2.o(.ARM.Collect$$libinit$$0000000C)
    __rt_lib_init_lc_collate_1               0x08000219   Thumb Code     0  libinit2.o(.ARM.Collect$$libinit$$00000011)
    __rt_lib_init_lc_ctype_2                 0x08000219   Thumb Code     0  libinit2.o(.ARM.Collect$$libinit$$00000012)
    __rt_lib_init_alloca_1                   0x08000225   Thumb Code     0  libinit2.o(.ARM.Collect$$libinit$$0000002E)
    __rt_lib_init_argv_1                     0x08000225   Thumb Code     0  libinit2.o(.ARM.Collect$$libinit$$0000002C)
    __rt_lib_init_atexit_1                   0x08000225   Thumb Code     0  libinit2.o(.ARM.Collect$$libinit$$0000001B)
    __rt_lib_init_clock_1                    0x08000225   Thumb Code     0  libinit2.o(.ARM.Collect$$libinit$$00000021)
    __rt_lib_init_cpp_1                      0x08000225   Thumb Code     0  libinit2.o(.ARM.Collect$$libinit$$00000032)
    __rt_lib_init_exceptions_1               0x08000225   Thumb Code     0  libinit2.o(.ARM.Collect$$libinit$$00000030)
    __rt_lib_init_fp_trap_1                  0x08000225   Thumb Code     0  libinit2.o(.ARM.Collect$$libinit$$0000001F)
    __rt_lib_init_getenv_1                   0x08000225   Thumb Code     0  libinit2.o(.ARM.Collect$$libinit$$00000023)
    __rt_lib_init_lc_ctype_1                 0x08000225   Thumb Code     0  libinit2.o(.ARM.Collect$$libinit$$00000013)
    __rt_lib_init_lc_monetary_1              0x08000225   Thumb Code     0  libinit2.o(.ARM.Collect$$libinit$$00000015)
    __rt_lib_init_lc_numeric_1               0x08000225   Thumb Code     0  libinit2.o(.ARM.Collect$$libinit$$00000017)
    __rt_lib_init_lc_time_1                  0x08000225   Thumb Code     0  libinit2.o(.ARM.Collect$$libinit$$00000019)
    __rt_lib_init_return                     0x08000225   Thumb Code     0  libinit2.o(.ARM.Collect$$libinit$$00000033)
    __rt_lib_init_signal_1                   0x08000225   Thumb Code     0  libinit2.o(.ARM.Collect$$libinit$$0000001D)
    __rt_lib_init_stdio_1                    0x08000225   Thumb Code     0  libinit2.o(.ARM.Collect$$libinit$$00000025)
    __rt_lib_shutdown                        0x08000227   Thumb Code     0  libshutdown.o(.ARM.Collect$$libshutdown$$00000000)
    __rt_lib_shutdown_cpp_1                  0x08000229   Thumb Code     0  libshutdown2.o(.ARM.Collect$$libshutdown$$00000004)
    __rt_lib_shutdown_fini_1                 0x08000229   Thumb Code     0  libshutdown2.o(.ARM.Collect$$libshutdown$$00000002)
    __rt_lib_shutdown_fp_trap_1              0x08000229   Thumb Code     0  libshutdown2.o(.ARM.Collect$$libshutdown$$00000009)
    __rt_lib_shutdown_heap_1                 0x08000229   Thumb Code     0  libshutdown2.o(.ARM.Collect$$libshutdown$$00000011)
    __rt_lib_shutdown_return                 0x08000229   Thumb Code     0  libshutdown2.o(.ARM.Collect$$libshutdown$$00000012)
    __rt_lib_shutdown_signal_1               0x08000229   Thumb Code     0  libshutdown2.o(.ARM.Collect$$libshutdown$$0000000C)
    __rt_lib_shutdown_stdio_1                0x08000229   Thumb Code     0  libshutdown2.o(.ARM.Collect$$libshutdown$$00000006)
    __rt_lib_shutdown_user_alloc_1           0x08000229   Thumb Code     0  libshutdown2.o(.ARM.Collect$$libshutdown$$0000000E)
    __rt_entry                               0x0800022b   Thumb Code     0  __rtentry.o(.ARM.Collect$$rtentry$$00000000)
    __rt_entry_presh_1                       0x0800022b   Thumb Code     0  __rtentry2.o(.ARM.Collect$$rtentry$$00000002)
    __rt_entry_sh                            0x0800022b   Thumb Code     0  __rtentry4.o(.ARM.Collect$$rtentry$$00000004)
    __rt_entry_li                            0x08000231   Thumb Code     0  __rtentry2.o(.ARM.Collect$$rtentry$$0000000A)
    __rt_entry_postsh_1                      0x08000231   Thumb Code     0  __rtentry2.o(.ARM.Collect$$rtentry$$00000009)
    __rt_entry_main                          0x08000235   Thumb Code     0  __rtentry2.o(.ARM.Collect$$rtentry$$0000000D)
    __rt_entry_postli_1                      0x08000235   Thumb Code     0  __rtentry2.o(.ARM.Collect$$rtentry$$0000000C)
    __rt_exit                                0x0800023d   Thumb Code     0  rtexit.o(.ARM.Collect$$rtexit$$00000000)
    __rt_exit_ls                             0x0800023f   Thumb Code     0  rtexit2.o(.ARM.Collect$$rtexit$$00000003)
    __rt_exit_prels_1                        0x0800023f   Thumb Code     0  rtexit2.o(.ARM.Collect$$rtexit$$00000002)
    __rt_exit_exit                           0x08000243   Thumb Code     0  rtexit2.o(.ARM.Collect$$rtexit$$00000004)
    Reset_Handler                            0x08000249   Thumb Code     8  startup_stm32f303x8.o(.text)
    ADC1_2_IRQHandler                        0x08000263   Thumb Code     0  startup_stm32f303x8.o(.text)
    CAN_RX0_IRQHandler                       0x08000263   Thumb Code     0  startup_stm32f303x8.o(.text)
    CAN_RX1_IRQHandler                       0x08000263   Thumb Code     0  startup_stm32f303x8.o(.text)
    CAN_SCE_IRQHandler                       0x08000263   Thumb Code     0  startup_stm32f303x8.o(.text)
    CAN_TX_IRQHandler                        0x08000263   Thumb Code     0  startup_stm32f303x8.o(.text)
    COMP2_IRQHandler                         0x08000263   Thumb Code     0  startup_stm32f303x8.o(.text)
    COMP4_6_IRQHandler                       0x08000263   Thumb Code     0  startup_stm32f303x8.o(.text)
    DMA1_Channel1_IRQHandler                 0x08000263   Thumb Code     0  startup_stm32f303x8.o(.text)
    DMA1_Channel2_IRQHandler                 0x08000263   Thumb Code     0  startup_stm32f303x8.o(.text)
    DMA1_Channel3_IRQHandler                 0x08000263   Thumb Code     0  startup_stm32f303x8.o(.text)
    DMA1_Channel4_IRQHandler                 0x08000263   Thumb Code     0  startup_stm32f303x8.o(.text)
    DMA1_Channel5_IRQHandler                 0x08000263   Thumb Code     0  startup_stm32f303x8.o(.text)
    DMA1_Channel6_IRQHandler                 0x08000263   Thumb Code     0  startup_stm32f303x8.o(.text)
    DMA1_Channel7_IRQHandler                 0x08000263   Thumb Code     0  startup_stm32f303x8.o(.text)
    EXTI0_IRQHandler                         0x08000263   Thumb Code     0  startup_stm32f303x8.o(.text)
    EXTI15_10_IRQHandler                     0x08000263   Thumb Code     0  startup_stm32f303x8.o(.text)
    EXTI1_IRQHandler                         0x08000263   Thumb Code     0  startup_stm32f303x8.o(.text)
    EXTI2_TSC_IRQHandler                     0x08000263   Thumb Code     0  startup_stm32f303x8.o(.text)
    EXTI3_IRQHandler                         0x08000263   Thumb Code     0  startup_stm32f303x8.o(.text)
    EXTI4_IRQHandler                         0x08000263   Thumb Code     0  startup_stm32f303x8.o(.text)
    EXTI9_5_IRQHandler                       0x08000263   Thumb Code     0  startup_stm32f303x8.o(.text)
    FLASH_IRQHandler                         0x08000263   Thumb Code     0  startup_stm32f303x8.o(.text)
    FPU_IRQHandler                           0x08000263   Thumb Code     0  startup_stm32f303x8.o(.text)
    I2C1_ER_IRQHandler                       0x08000263   Thumb Code     0  startup_stm32f303x8.o(.text)
    I2C1_EV_IRQHandler                       0x08000263   Thumb Code     0  startup_stm32f303x8.o(.text)
    PVD_IRQHandler                           0x08000263   Thumb Code     0  startup_stm32f303x8.o(.text)
    RCC_IRQHandler                           0x08000263   Thumb Code     0  startup_stm32f303x8.o(.text)
    RTC_Alarm_IRQHandler                     0x08000263   Thumb Code     0  startup_stm32f303x8.o(.text)
    RTC_WKUP_IRQHandler                      0x08000263   Thumb Code     0  startup_stm32f303x8.o(.text)
    SPI1_IRQHandler                          0x08000263   Thumb Code     0  startup_stm32f303x8.o(.text)
    TAMP_STAMP_IRQHandler                    0x08000263   Thumb Code     0  startup_stm32f303x8.o(.text)
    TIM1_BRK_TIM15_IRQHandler                0x08000263   Thumb Code     0  startup_stm32f303x8.o(.text)
    TIM1_CC_IRQHandler                       0x08000263   Thumb Code     0  startup_stm32f303x8.o(.text)
    TIM1_TRG_COM_TIM17_IRQHandler            0x08000263   Thumb Code     0  startup_stm32f303x8.o(.text)
    TIM1_UP_TIM16_IRQHandler                 0x08000263   Thumb Code     0  startup_stm32f303x8.o(.text)
    TIM3_IRQHandler                          0x08000263   Thumb Code     0  startup_stm32f303x8.o(.text)
    TIM6_DAC1_IRQHandler                     0x08000263   Thumb Code     0  startup_stm32f303x8.o(.text)
    TIM7_DAC2_IRQHandler                     0x08000263   Thumb Code     0  startup_stm32f303x8.o(.text)
    USART1_IRQHandler                        0x08000263   Thumb Code     0  startup_stm32f303x8.o(.text)
    USART3_IRQHandler                        0x08000263   Thumb Code     0  startup_stm32f303x8.o(.text)
    WWDG_IRQHandler                          0x08000263   Thumb Code     0  startup_stm32f303x8.o(.text)
    __user_initial_stackheap                 0x08000265   Thumb Code     0  startup_stm32f303x8.o(.text)
    __aeabi_uldivmod                         0x08000289   Thumb Code     0  lludivv7m.o(.text)
    _ll_udiv                                 0x08000289   Thumb Code   238  lludivv7m.o(.text)
    __2snprintf                              0x08000379   Thumb Code    50  __2snprintf.o(.text)
    _printf_pre_padding                      0x080003b1   Thumb Code    44  _printf_pad.o(.text)
    _printf_post_padding                     0x080003dd   Thumb Code    34  _printf_pad.o(.text)
    _printf_str                              0x080003ff   Thumb Code    82  _printf_str.o(.text)
    _printf_int_dec                          0x08000451   Thumb Code   104  _printf_dec.o(.text)
    __printf                                 0x080004c9   Thumb Code   270  __printf_wp.o(.text)
    atoi                                     0x080005d7   Thumb Code    26  atoi.o(.text)
    strncmp                                  0x080005f1   Thumb Code   150  strncmp.o(.text)
    __aeabi_memset                           0x08000687   Thumb Code    16  aeabi_memset.o(.text)
    __aeabi_memclr                           0x08000697   Thumb Code     0  rt_memclr.o(.text)
    __rt_memclr                              0x08000697   Thumb Code    68  rt_memclr.o(.text)
    _memset                                  0x0800069b   Thumb Code     0  rt_memclr.o(.text)
    __aeabi_memclr4                          0x080006db   Thumb Code     0  rt_memclr_w.o(.text)
    __aeabi_memclr8                          0x080006db   Thumb Code     0  rt_memclr_w.o(.text)
    __rt_memclr_w                            0x080006db   Thumb Code    78  rt_memclr_w.o(.text)
    _memset_w                                0x080006df   Thumb Code     0  rt_memclr_w.o(.text)
    __use_two_region_memory                  0x08000729   Thumb Code     2  heapauxi.o(.text)
    __rt_heap_escrow$2region                 0x0800072b   Thumb Code     2  heapauxi.o(.text)
    __rt_heap_expand$2region                 0x0800072d   Thumb Code     2  heapauxi.o(.text)
    __aeabi_errno_addr                       0x08000731   Thumb Code     8  rt_errno_addr_intlibspace.o(.text)
    __errno$intlibspace                      0x08000731   Thumb Code     0  rt_errno_addr_intlibspace.o(.text)
    __rt_errno_addr$intlibspace              0x08000731   Thumb Code     0  rt_errno_addr_intlibspace.o(.text)
    _printf_int_common                       0x08000739   Thumb Code   178  _printf_intcommon.o(.text)
    _printf_char_common                      0x080007f7   Thumb Code    32  _printf_char_common.o(.text)
    _sputc                                   0x0800081d   Thumb Code    10  _sputc.o(.text)
    _snputc                                  0x08000827   Thumb Code    16  _snputc.o(.text)
    _printf_cs_common                        0x08000837   Thumb Code    20  _printf_char.o(.text)
    _printf_char                             0x0800084b   Thumb Code    16  _printf_char.o(.text)
    _printf_string                           0x0800085b   Thumb Code     8  _printf_char.o(.text)
    strtol                                   0x08000863   Thumb Code   112  strtol.o(.text)
    __user_libspace                          0x080008d5   Thumb Code     8  libspace.o(.text)
    __user_perproc_libspace                  0x080008d5   Thumb Code     0  libspace.o(.text)
    __user_perthread_libspace                0x080008d5   Thumb Code     0  libspace.o(.text)
    __rt_ctype_table                         0x080008dd   Thumb Code    16  rt_ctype_table.o(.text)
    _strtoul                                 0x080008ed   Thumb Code   158  _strtoul.o(.text)
    __user_setup_stackheap                   0x0800098b   Thumb Code    74  sys_stackheap_outer.o(.text)
    __rt_locale                              0x080009d5   Thumb Code     8  rt_locale_intlibspace.o(.text)
    _chval                                   0x080009dd   Thumb Code    28  _chval.o(.text)
    exit                                     0x080009f9   Thumb Code    18  exit.o(.text)
    strcmp                                   0x08000a0d   Thumb Code   128  strcmpv7m.o(.text)
    _sys_exit                                0x08000a8d   Thumb Code     8  sys_exit.o(.text)
    __I$use$semihosting                      0x08000a99   Thumb Code     0  use_no_semi.o(.text)
    __use_no_semihosting_swi                 0x08000a99   Thumb Code     2  use_no_semi.o(.text)
    __semihosting_library_function           0x08000a9b   Thumb Code     0  indicate_semi.o(.text)
    BusFault_Handler                         0x08000b75   Thumb Code     2  stm32f3xx_it.o(i.BusFault_Handler)
    DebugMon_Handler                         0x08000b77   Thumb Code     2  stm32f3xx_it.o(i.DebugMon_Handler)
    Error_Handler                            0x08000b79   Thumb Code    32  main.o(i.Error_Handler)
    HAL_ADCEx_Calibration_Start              0x08000ba1   Thumb Code   158  stm32f3xx_hal_adc_ex.o(i.HAL_ADCEx_Calibration_Start)
    HAL_ADC_ConfigChannel                    0x08000c41   Thumb Code   828  stm32f3xx_hal_adc_ex.o(i.HAL_ADC_ConfigChannel)
    HAL_ADC_GetValue                         0x08000f91   Thumb Code     6  stm32f3xx_hal_adc_ex.o(i.HAL_ADC_GetValue)
    HAL_ADC_Init                             0x08000f99   Thumb Code   460  stm32f3xx_hal_adc_ex.o(i.HAL_ADC_Init)
    HAL_ADC_MspInit                          0x0800117d   Thumb Code    80  stm32f3xx_hal_msp.o(i.HAL_ADC_MspInit)
    HAL_ADC_PollForConversion                0x080011d5   Thumb Code   228  stm32f3xx_hal_adc_ex.o(i.HAL_ADC_PollForConversion)
    HAL_ADC_Start                            0x080012bd   Thumb Code   212  stm32f3xx_hal_adc_ex.o(i.HAL_ADC_Start)
    HAL_DMA_Abort                            0x08001395   Thumb Code    72  stm32f3xx_hal_dma.o(i.HAL_DMA_Abort)
    HAL_DMA_Abort_IT                         0x080013dd   Thumb Code    74  stm32f3xx_hal_dma.o(i.HAL_DMA_Abort_IT)
    HAL_Delay                                0x08001429   Thumb Code    32  stm32f3xx_hal.o(i.HAL_Delay)
    HAL_GPIO_Init                            0x0800144d   Thumb Code   518  stm32f3xx_hal_gpio.o(i.HAL_GPIO_Init)
    HAL_GPIO_ReadPin                         0x0800166d   Thumb Code    10  stm32f3xx_hal_gpio.o(i.HAL_GPIO_ReadPin)
    HAL_GPIO_TogglePin                       0x08001677   Thumb Code    16  stm32f3xx_hal_gpio.o(i.HAL_GPIO_TogglePin)
    HAL_GPIO_WritePin                        0x08001687   Thumb Code    10  stm32f3xx_hal_gpio.o(i.HAL_GPIO_WritePin)
    HAL_GetTick                              0x08001691   Thumb Code     6  stm32f3xx_hal.o(i.HAL_GetTick)
    HAL_IncTick                              0x0800169d   Thumb Code    12  stm32f3xx_hal.o(i.HAL_IncTick)
    HAL_Init                                 0x080016ad   Thumb Code    32  stm32f3xx_hal.o(i.HAL_Init)
    HAL_InitTick                             0x080016d1   Thumb Code    54  stm32f3xx_hal.o(i.HAL_InitTick)
    HAL_MspInit                              0x08001711   Thumb Code    38  stm32f3xx_hal_msp.o(i.HAL_MspInit)
    HAL_NVIC_EnableIRQ                       0x0800173d   Thumb Code    26  stm32f3xx_hal_cortex.o(i.HAL_NVIC_EnableIRQ)
    HAL_NVIC_SetPriority                     0x08001759   Thumb Code    60  stm32f3xx_hal_cortex.o(i.HAL_NVIC_SetPriority)
    HAL_NVIC_SetPriorityGrouping             0x08001799   Thumb Code    26  stm32f3xx_hal_cortex.o(i.HAL_NVIC_SetPriorityGrouping)
    HAL_RCC_ClockConfig                      0x080017bd   Thumb Code   308  stm32f3xx_hal_rcc.o(i.HAL_RCC_ClockConfig)
    HAL_RCC_GetPCLK1Freq                     0x08001905   Thumb Code    34  stm32f3xx_hal_rcc.o(i.HAL_RCC_GetPCLK1Freq)
    HAL_RCC_GetPCLK2Freq                     0x08001935   Thumb Code    34  stm32f3xx_hal_rcc.o(i.HAL_RCC_GetPCLK2Freq)
    HAL_RCC_GetSysClockFreq                  0x08001965   Thumb Code    64  stm32f3xx_hal_rcc.o(i.HAL_RCC_GetSysClockFreq)
    HAL_RCC_OscConfig                        0x080019b5   Thumb Code  1480  stm32f3xx_hal_rcc.o(i.HAL_RCC_OscConfig)
    HAL_SYSTICK_Config                       0x08001f7d   Thumb Code    40  stm32f3xx_hal_cortex.o(i.HAL_SYSTICK_Config)
    HAL_TIMEx_Break2Callback                 0x08001fa5   Thumb Code     2  stm32f3xx_hal_tim_ex.o(i.HAL_TIMEx_Break2Callback)
    HAL_TIMEx_BreakCallback                  0x08001fa7   Thumb Code     2  stm32f3xx_hal_tim_ex.o(i.HAL_TIMEx_BreakCallback)
    HAL_TIMEx_CommutCallback                 0x08001fa9   Thumb Code     2  stm32f3xx_hal_tim_ex.o(i.HAL_TIMEx_CommutCallback)
    HAL_TIMEx_MasterConfigSynchronization    0x08001fad   Thumb Code   104  stm32f3xx_hal_tim_ex.o(i.HAL_TIMEx_MasterConfigSynchronization)
    HAL_TIM_Base_Init                        0x08002021   Thumb Code    98  stm32f3xx_hal_tim.o(i.HAL_TIM_Base_Init)
    HAL_TIM_Base_MspInit                     0x08002085   Thumb Code    50  stm32f3xx_hal_msp.o(i.HAL_TIM_Base_MspInit)
    HAL_TIM_Base_Start_IT                    0x080020bd   Thumb Code    82  stm32f3xx_hal_tim.o(i.HAL_TIM_Base_Start_IT)
    HAL_TIM_ConfigClockSource                0x08002121   Thumb Code   220  stm32f3xx_hal_tim.o(i.HAL_TIM_ConfigClockSource)
    HAL_TIM_IC_CaptureCallback               0x08002201   Thumb Code     2  stm32f3xx_hal_tim.o(i.HAL_TIM_IC_CaptureCallback)
    HAL_TIM_IRQHandler                       0x08002203   Thumb Code   326  stm32f3xx_hal_tim.o(i.HAL_TIM_IRQHandler)
    HAL_TIM_OC_DelayElapsedCallback          0x08002349   Thumb Code     2  stm32f3xx_hal_tim.o(i.HAL_TIM_OC_DelayElapsedCallback)
    HAL_TIM_PWM_PulseFinishedCallback        0x0800234b   Thumb Code     2  stm32f3xx_hal_tim.o(i.HAL_TIM_PWM_PulseFinishedCallback)
    HAL_TIM_PeriodElapsedCallback            0x0800234d   Thumb Code    16  main.o(i.HAL_TIM_PeriodElapsedCallback)
    HAL_TIM_TriggerCallback                  0x08002361   Thumb Code     2  stm32f3xx_hal_tim.o(i.HAL_TIM_TriggerCallback)
    HAL_UARTEx_RxEventCallback               0x08002363   Thumb Code     2  stm32f3xx_hal_uart.o(i.HAL_UARTEx_RxEventCallback)
    HAL_UARTEx_WakeupCallback                0x08002365   Thumb Code     2  stm32f3xx_hal_uart_ex.o(i.HAL_UARTEx_WakeupCallback)
    HAL_UART_ErrorCallback                   0x08002367   Thumb Code     2  stm32f3xx_hal_uart.o(i.HAL_UART_ErrorCallback)
    HAL_UART_IRQHandler                      0x08002369   Thumb Code   686  stm32f3xx_hal_uart.o(i.HAL_UART_IRQHandler)
    HAL_UART_Init                            0x08002621   Thumb Code   102  stm32f3xx_hal_uart.o(i.HAL_UART_Init)
    HAL_UART_MspInit                         0x08002689   Thumb Code   108  stm32f3xx_hal_msp.o(i.HAL_UART_MspInit)
    HAL_UART_Receive_IT                      0x080026fd   Thumb Code    60  stm32f3xx_hal_uart.o(i.HAL_UART_Receive_IT)
    HAL_UART_RxCpltCallback                  0x08002739   Thumb Code    54  main.o(i.HAL_UART_RxCpltCallback)
    HAL_UART_Transmit                        0x0800277d   Thumb Code   164  stm32f3xx_hal_uart.o(i.HAL_UART_Transmit)
    HAL_UART_TxCpltCallback                  0x08002821   Thumb Code     2  stm32f3xx_hal_uart.o(i.HAL_UART_TxCpltCallback)
    HardFault_Handler                        0x08002823   Thumb Code     2  stm32f3xx_it.o(i.HardFault_Handler)
    MemManage_Handler                        0x08002a0d   Thumb Code     2  stm32f3xx_it.o(i.MemManage_Handler)
    NMI_Handler                              0x08002a0f   Thumb Code     2  stm32f3xx_it.o(i.NMI_Handler)
    PendSV_Handler                           0x08002a11   Thumb Code     2  stm32f3xx_it.o(i.PendSV_Handler)
    SVC_Handler                              0x08002a13   Thumb Code     2  stm32f3xx_it.o(i.SVC_Handler)
    SysTick_Handler                          0x08002a15   Thumb Code     4  stm32f3xx_it.o(i.SysTick_Handler)
    SystemClock_Config                       0x08002a19   Thumb Code    86  main.o(i.SystemClock_Config)
    SystemInit                               0x08002a71   Thumb Code    12  system_stm32f3xx.o(i.SystemInit)
    TIM2_IRQHandler                          0x08002a81   Thumb Code     6  stm32f3xx_it.o(i.TIM2_IRQHandler)
    TIM_Base_SetConfig                       0x08002a8d   Thumb Code   128  stm32f3xx_hal_tim.o(i.TIM_Base_SetConfig)
    TIM_ETR_SetConfig                        0x08002b21   Thumb Code    20  stm32f3xx_hal_tim.o(i.TIM_ETR_SetConfig)
    UART_AdvFeatureConfig                    0x08002b8b   Thumb Code   200  stm32f3xx_hal_uart.o(i.UART_AdvFeatureConfig)
    UART_CheckIdleState                      0x08002c53   Thumb Code   168  stm32f3xx_hal_uart.o(i.UART_CheckIdleState)
    UART_SetConfig                           0x08002ed9   Thumb Code   296  stm32f3xx_hal_uart.o(i.UART_SetConfig)
    UART_Start_Receive_IT                    0x08003019   Thumb Code   174  stm32f3xx_hal_uart.o(i.UART_Start_Receive_IT)
    UART_WaitOnFlagUntilTimeout              0x080030d1   Thumb Code   148  stm32f3xx_hal_uart.o(i.UART_WaitOnFlagUntilTimeout)
    USART2_IRQHandler                        0x08003165   Thumb Code     6  stm32f3xx_it.o(i.USART2_IRQHandler)
    UsageFault_Handler                       0x08003171   Thumb Code     2  stm32f3xx_it.o(i.UsageFault_Handler)
    _is_digit                                0x08003193   Thumb Code    14  __printf_wp.o(i._is_digit)
    main                                     0x08003475   Thumb Code   426  main.o(i.main)
    _get_lc_ctype                            0x080038b1   Thumb Code    44  lc_ctype_c.o(locale$$code)
    _fp_init                                 0x080038dd   Thumb Code    10  fpinit.o(x$fpl$fpinit)
    __fplib_config_fpu_vfp                   0x080038e5   Thumb Code     0  fpinit.o(x$fpl$fpinit)
    __fplib_config_pureend_doubles           0x080038e5   Thumb Code     0  fpinit.o(x$fpl$fpinit)
    AHBPrescTable                            0x08003a06   Data          16  system_stm32f3xx.o(.constdata)
    APBPrescTable                            0x08003a16   Data           8  system_stm32f3xx.o(.constdata)
    Region$$Table$$Base                      0x08003a74   Number         0  anon$$obj.o(Region$$Table)
    Region$$Table$$Limit                     0x08003a94   Number         0  anon$$obj.o(Region$$Table)
    __ctype                                  0x08003aa1   Data           0  lc_ctype_c.o(locale$$data)
    uwTickFreq                               0x2000003c   Data           1  stm32f3xx_hal.o(.data)
    uwTickPrio                               0x20000040   Data           4  stm32f3xx_hal.o(.data)
    uwTick                                   0x20000044   Data           4  stm32f3xx_hal.o(.data)
    SystemCoreClock                          0x20000048   Data           4  system_stm32f3xx.o(.data)
    hadc1                                    0x2000004c   Data          80  main.o(.bss)
    htim2                                    0x2000009c   Data          76  main.o(.bss)
    huart2                                   0x200000e8   Data         136  main.o(.bss)
    __libspace_start                         0x20000200   Data          96  libspace.o(.bss)
    __temporary_stack_top$libspace           0x20000260   Data           0  libspace.o(.bss)



==============================================================================

Memory Map of the image

  Image Entry point : 0x08000189

  Load Region LR_IROM1 (Base: 0x08000000, Size: 0x00003bf0, Max: 0x00010000, ABSOLUTE)

    Execution Region ER_IROM1 (Exec base: 0x08000000, Load base: 0x08000000, Size: 0x00003ba4, Max: 0x00010000, ABSOLUTE)

    Exec Addr    Load Addr    Size         Type   Attr      Idx    E Section Name        Object

    0x08000000   0x08000000   0x00000188   Data   RO            3    RESET               startup_stm32f303x8.o
    0x08000188   0x08000188   0x00000008   Code   RO         3905  * !!!main             c_w.l(__main.o)
    0x08000190   0x08000190   0x00000034   Code   RO         4110    !!!scatter          c_w.l(__scatter.o)
    0x080001c4   0x080001c4   0x0000001a   Code   RO         4112    !!handler_copy      c_w.l(__scatter_copy.o)
    0x080001de   0x080001de   0x00000002   PAD
    0x080001e0   0x080001e0   0x0000001c   Code   RO         4114    !!handler_zi        c_w.l(__scatter_zi.o)
    0x080001fc   0x080001fc   0x00000000   Code   RO         3892    .ARM.Collect$$_printf_percent$$00000000  c_w.l(_printf_percent.o)
    0x080001fc   0x080001fc   0x00000006   Code   RO         3891    .ARM.Collect$$_printf_percent$$0000000A  c_w.l(_printf_u.o)
    0x08000202   0x08000202   0x00000006   Code   RO         3890    .ARM.Collect$$_printf_percent$$00000014  c_w.l(_printf_s.o)
    0x08000208   0x08000208   0x00000004   Code   RO         3927    .ARM.Collect$$_printf_percent$$00000017  c_w.l(_printf_percent_end.o)
    0x0800020c   0x0800020c   0x00000002   Code   RO         3979    .ARM.Collect$$libinit$$00000000  c_w.l(libinit.o)
    0x0800020e   0x0800020e   0x00000004   Code   RO         3990    .ARM.Collect$$libinit$$00000001  c_w.l(libinit2.o)
    0x08000212   0x08000212   0x00000000   Code   RO         3993    .ARM.Collect$$libinit$$00000004  c_w.l(libinit2.o)
    0x08000212   0x08000212   0x00000000   Code   RO         3996    .ARM.Collect$$libinit$$0000000A  c_w.l(libinit2.o)
    0x08000212   0x08000212   0x00000000   Code   RO         3998    .ARM.Collect$$libinit$$0000000C  c_w.l(libinit2.o)
    0x08000212   0x08000212   0x00000000   Code   RO         4000    .ARM.Collect$$libinit$$0000000E  c_w.l(libinit2.o)
    0x08000212   0x08000212   0x00000006   Code   RO         4001    .ARM.Collect$$libinit$$0000000F  c_w.l(libinit2.o)
    0x08000218   0x08000218   0x00000000   Code   RO         4003    .ARM.Collect$$libinit$$00000011  c_w.l(libinit2.o)
    0x08000218   0x08000218   0x0000000c   Code   RO         4004    .ARM.Collect$$libinit$$00000012  c_w.l(libinit2.o)
    0x08000224   0x08000224   0x00000000   Code   RO         4005    .ARM.Collect$$libinit$$00000013  c_w.l(libinit2.o)
    0x08000224   0x08000224   0x00000000   Code   RO         4007    .ARM.Collect$$libinit$$00000015  c_w.l(libinit2.o)
    0x08000224   0x08000224   0x00000000   Code   RO         4009    .ARM.Collect$$libinit$$00000017  c_w.l(libinit2.o)
    0x08000224   0x08000224   0x00000000   Code   RO         4011    .ARM.Collect$$libinit$$00000019  c_w.l(libinit2.o)
    0x08000224   0x08000224   0x00000000   Code   RO         4013    .ARM.Collect$$libinit$$0000001B  c_w.l(libinit2.o)
    0x08000224   0x08000224   0x00000000   Code   RO         4015    .ARM.Collect$$libinit$$0000001D  c_w.l(libinit2.o)
    0x08000224   0x08000224   0x00000000   Code   RO         4017    .ARM.Collect$$libinit$$0000001F  c_w.l(libinit2.o)
    0x08000224   0x08000224   0x00000000   Code   RO         4019    .ARM.Collect$$libinit$$00000021  c_w.l(libinit2.o)
    0x08000224   0x08000224   0x00000000   Code   RO         4021    .ARM.Collect$$libinit$$00000023  c_w.l(libinit2.o)
    0x08000224   0x08000224   0x00000000   Code   RO         4023    .ARM.Collect$$libinit$$00000025  c_w.l(libinit2.o)
    0x08000224   0x08000224   0x00000000   Code   RO         4027    .ARM.Collect$$libinit$$0000002C  c_w.l(libinit2.o)
    0x08000224   0x08000224   0x00000000   Code   RO         4029    .ARM.Collect$$libinit$$0000002E  c_w.l(libinit2.o)
    0x08000224   0x08000224   0x00000000   Code   RO         4031    .ARM.Collect$$libinit$$00000030  c_w.l(libinit2.o)
    0x08000224   0x08000224   0x00000000   Code   RO         4033    .ARM.Collect$$libinit$$00000032  c_w.l(libinit2.o)
    0x08000224   0x08000224   0x00000002   Code   RO         4034    .ARM.Collect$$libinit$$00000033  c_w.l(libinit2.o)
    0x08000226   0x08000226   0x00000002   Code   RO         4065    .ARM.Collect$$libshutdown$$00000000  c_w.l(libshutdown.o)
    0x08000228   0x08000228   0x00000000   Code   RO         4091    .ARM.Collect$$libshutdown$$00000002  c_w.l(libshutdown2.o)
    0x08000228   0x08000228   0x00000000   Code   RO         4093    .ARM.Collect$$libshutdown$$00000004  c_w.l(libshutdown2.o)
    0x08000228   0x08000228   0x00000000   Code   RO         4095    .ARM.Collect$$libshutdown$$00000006  c_w.l(libshutdown2.o)
    0x08000228   0x08000228   0x00000000   Code   RO         4098    .ARM.Collect$$libshutdown$$00000009  c_w.l(libshutdown2.o)
    0x08000228   0x08000228   0x00000000   Code   RO         4101    .ARM.Collect$$libshutdown$$0000000C  c_w.l(libshutdown2.o)
    0x08000228   0x08000228   0x00000000   Code   RO         4103    .ARM.Collect$$libshutdown$$0000000E  c_w.l(libshutdown2.o)
    0x08000228   0x08000228   0x00000000   Code   RO         4106    .ARM.Collect$$libshutdown$$00000011  c_w.l(libshutdown2.o)
    0x08000228   0x08000228   0x00000002   Code   RO         4107    .ARM.Collect$$libshutdown$$00000012  c_w.l(libshutdown2.o)
    0x0800022a   0x0800022a   0x00000000   Code   RO         3907    .ARM.Collect$$rtentry$$00000000  c_w.l(__rtentry.o)
    0x0800022a   0x0800022a   0x00000000   Code   RO         3934    .ARM.Collect$$rtentry$$00000002  c_w.l(__rtentry2.o)
    0x0800022a   0x0800022a   0x00000006   Code   RO         3946    .ARM.Collect$$rtentry$$00000004  c_w.l(__rtentry4.o)
    0x08000230   0x08000230   0x00000000   Code   RO         3936    .ARM.Collect$$rtentry$$00000009  c_w.l(__rtentry2.o)
    0x08000230   0x08000230   0x00000004   Code   RO         3937    .ARM.Collect$$rtentry$$0000000A  c_w.l(__rtentry2.o)
    0x08000234   0x08000234   0x00000000   Code   RO         3939    .ARM.Collect$$rtentry$$0000000C  c_w.l(__rtentry2.o)
    0x08000234   0x08000234   0x00000008   Code   RO         3940    .ARM.Collect$$rtentry$$0000000D  c_w.l(__rtentry2.o)
    0x0800023c   0x0800023c   0x00000002   Code   RO         3980    .ARM.Collect$$rtexit$$00000000  c_w.l(rtexit.o)
    0x0800023e   0x0800023e   0x00000000   Code   RO         4038    .ARM.Collect$$rtexit$$00000002  c_w.l(rtexit2.o)
    0x0800023e   0x0800023e   0x00000004   Code   RO         4039    .ARM.Collect$$rtexit$$00000003  c_w.l(rtexit2.o)
    0x08000242   0x08000242   0x00000006   Code   RO         4040    .ARM.Collect$$rtexit$$00000004  c_w.l(rtexit2.o)
    0x08000248   0x08000248   0x00000040   Code   RO            4    .text               startup_stm32f303x8.o
    0x08000288   0x08000288   0x000000ee   Code   RO         3854    .text               c_w.l(lludivv7m.o)
    0x08000376   0x08000376   0x00000002   PAD
    0x08000378   0x08000378   0x00000038   Code   RO         3858    .text               c_w.l(__2snprintf.o)
    0x080003b0   0x080003b0   0x0000004e   Code   RO         3864    .text               c_w.l(_printf_pad.o)
    0x080003fe   0x080003fe   0x00000052   Code   RO         3866    .text               c_w.l(_printf_str.o)
    0x08000450   0x08000450   0x00000078   Code   RO         3868    .text               c_w.l(_printf_dec.o)
    0x080004c8   0x080004c8   0x0000010e   Code   RO         3878    .text               c_w.l(__printf_wp.o)
    0x080005d6   0x080005d6   0x0000001a   Code   RO         3893    .text               c_w.l(atoi.o)
    0x080005f0   0x080005f0   0x00000096   Code   RO         3895    .text               c_w.l(strncmp.o)
    0x08000686   0x08000686   0x00000010   Code   RO         3897    .text               c_w.l(aeabi_memset.o)
    0x08000696   0x08000696   0x00000044   Code   RO         3899    .text               c_w.l(rt_memclr.o)
    0x080006da   0x080006da   0x0000004e   Code   RO         3901    .text               c_w.l(rt_memclr_w.o)
    0x08000728   0x08000728   0x00000006   Code   RO         3903    .text               c_w.l(heapauxi.o)
    0x0800072e   0x0800072e   0x00000002   PAD
    0x08000730   0x08000730   0x00000008   Code   RO         3915    .text               c_w.l(rt_errno_addr_intlibspace.o)
    0x08000738   0x08000738   0x000000b2   Code   RO         3917    .text               c_w.l(_printf_intcommon.o)
    0x080007ea   0x080007ea   0x00000002   PAD
    0x080007ec   0x080007ec   0x00000030   Code   RO         3919    .text               c_w.l(_printf_char_common.o)
    0x0800081c   0x0800081c   0x0000000a   Code   RO         3921    .text               c_w.l(_sputc.o)
    0x08000826   0x08000826   0x00000010   Code   RO         3923    .text               c_w.l(_snputc.o)
    0x08000836   0x08000836   0x0000002c   Code   RO         3925    .text               c_w.l(_printf_char.o)
    0x08000862   0x08000862   0x00000070   Code   RO         3928    .text               c_w.l(strtol.o)
    0x080008d2   0x080008d2   0x00000002   PAD
    0x080008d4   0x080008d4   0x00000008   Code   RO         3930    .text               c_w.l(libspace.o)
    0x080008dc   0x080008dc   0x00000010   Code   RO         3948    .text               c_w.l(rt_ctype_table.o)
    0x080008ec   0x080008ec   0x0000009e   Code   RO         3954    .text               c_w.l(_strtoul.o)
    0x0800098a   0x0800098a   0x0000004a   Code   RO         3956    .text               c_w.l(sys_stackheap_outer.o)
    0x080009d4   0x080009d4   0x00000008   Code   RO         3961    .text               c_w.l(rt_locale_intlibspace.o)
    0x080009dc   0x080009dc   0x0000001c   Code   RO         3963    .text               c_w.l(_chval.o)
    0x080009f8   0x080009f8   0x00000012   Code   RO         3968    .text               c_w.l(exit.o)
    0x08000a0a   0x08000a0a   0x00000002   PAD
    0x08000a0c   0x08000a0c   0x00000080   Code   RO         3988    .text               c_w.l(strcmpv7m.o)
    0x08000a8c   0x08000a8c   0x0000000c   Code   RO         4035    .text               c_w.l(sys_exit.o)
    0x08000a98   0x08000a98   0x00000002   Code   RO         4054    .text               c_w.l(use_no_semi.o)
    0x08000a9a   0x08000a9a   0x00000000   Code   RO         4056    .text               c_w.l(indicate_semi.o)
    0x08000a9a   0x08000a9a   0x00000002   PAD
    0x08000a9c   0x08000a9c   0x0000006a   Code   RO          565    i.ADC_Disable       stm32f3xx_hal_adc_ex.o
    0x08000b06   0x08000b06   0x00000002   PAD
    0x08000b08   0x08000b08   0x0000006c   Code   RO          566    i.ADC_Enable        stm32f3xx_hal_adc_ex.o
    0x08000b74   0x08000b74   0x00000002   Code   RO          263    i.BusFault_Handler  stm32f3xx_it.o
    0x08000b76   0x08000b76   0x00000002   Code   RO          264    i.DebugMon_Handler  stm32f3xx_it.o
    0x08000b78   0x08000b78   0x00000028   Code   RO           13    i.Error_Handler     main.o
    0x08000ba0   0x08000ba0   0x0000009e   Code   RO          569    i.HAL_ADCEx_Calibration_Start  stm32f3xx_hal_adc_ex.o
    0x08000c3e   0x08000c3e   0x00000002   PAD
    0x08000c40   0x08000c40   0x00000350   Code   RO          590    i.HAL_ADC_ConfigChannel  stm32f3xx_hal_adc_ex.o
    0x08000f90   0x08000f90   0x00000006   Code   RO          592    i.HAL_ADC_GetValue  stm32f3xx_hal_adc_ex.o
    0x08000f96   0x08000f96   0x00000002   PAD
    0x08000f98   0x08000f98   0x000001e4   Code   RO          594    i.HAL_ADC_Init      stm32f3xx_hal_adc_ex.o
    0x0800117c   0x0800117c   0x00000058   Code   RO          352    i.HAL_ADC_MspInit   stm32f3xx_hal_msp.o
    0x080011d4   0x080011d4   0x000000e8   Code   RO          595    i.HAL_ADC_PollForConversion  stm32f3xx_hal_adc_ex.o
    0x080012bc   0x080012bc   0x000000d8   Code   RO          597    i.HAL_ADC_Start     stm32f3xx_hal_adc_ex.o
    0x08001394   0x08001394   0x00000048   Code   RO         1213    i.HAL_DMA_Abort     stm32f3xx_hal_dma.o
    0x080013dc   0x080013dc   0x0000004a   Code   RO         1214    i.HAL_DMA_Abort_IT  stm32f3xx_hal_dma.o
    0x08001426   0x08001426   0x00000002   PAD
    0x08001428   0x08001428   0x00000024   Code   RO          832    i.HAL_Delay         stm32f3xx_hal.o
    0x0800144c   0x0800144c   0x00000220   Code   RO         1148    i.HAL_GPIO_Init     stm32f3xx_hal_gpio.o
    0x0800166c   0x0800166c   0x0000000a   Code   RO         1150    i.HAL_GPIO_ReadPin  stm32f3xx_hal_gpio.o
    0x08001676   0x08001676   0x00000010   Code   RO         1151    i.HAL_GPIO_TogglePin  stm32f3xx_hal_gpio.o
    0x08001686   0x08001686   0x0000000a   Code   RO         1152    i.HAL_GPIO_WritePin  stm32f3xx_hal_gpio.o
    0x08001690   0x08001690   0x0000000c   Code   RO          836    i.HAL_GetTick       stm32f3xx_hal.o
    0x0800169c   0x0800169c   0x00000010   Code   RO          842    i.HAL_IncTick       stm32f3xx_hal.o
    0x080016ac   0x080016ac   0x00000024   Code   RO          843    i.HAL_Init          stm32f3xx_hal.o
    0x080016d0   0x080016d0   0x00000040   Code   RO          844    i.HAL_InitTick      stm32f3xx_hal.o
    0x08001710   0x08001710   0x0000002c   Code   RO          353    i.HAL_MspInit       stm32f3xx_hal_msp.o
    0x0800173c   0x0800173c   0x0000001a   Code   RO         1313    i.HAL_NVIC_EnableIRQ  stm32f3xx_hal_cortex.o
    0x08001756   0x08001756   0x00000002   PAD
    0x08001758   0x08001758   0x00000040   Code   RO         1319    i.HAL_NVIC_SetPriority  stm32f3xx_hal_cortex.o
    0x08001798   0x08001798   0x00000024   Code   RO         1320    i.HAL_NVIC_SetPriorityGrouping  stm32f3xx_hal_cortex.o
    0x080017bc   0x080017bc   0x00000148   Code   RO         1000    i.HAL_RCC_ClockConfig  stm32f3xx_hal_rcc.o
    0x08001904   0x08001904   0x00000030   Code   RO         1007    i.HAL_RCC_GetPCLK1Freq  stm32f3xx_hal_rcc.o
    0x08001934   0x08001934   0x00000030   Code   RO         1008    i.HAL_RCC_GetPCLK2Freq  stm32f3xx_hal_rcc.o
    0x08001964   0x08001964   0x00000050   Code   RO         1009    i.HAL_RCC_GetSysClockFreq  stm32f3xx_hal_rcc.o
    0x080019b4   0x080019b4   0x000005c8   Code   RO         1012    i.HAL_RCC_OscConfig  stm32f3xx_hal_rcc.o
    0x08001f7c   0x08001f7c   0x00000028   Code   RO         1324    i.HAL_SYSTICK_Config  stm32f3xx_hal_cortex.o
    0x08001fa4   0x08001fa4   0x00000002   Code   RO         3068    i.HAL_TIMEx_Break2Callback  stm32f3xx_hal_tim_ex.o
    0x08001fa6   0x08001fa6   0x00000002   Code   RO         3069    i.HAL_TIMEx_BreakCallback  stm32f3xx_hal_tim_ex.o
    0x08001fa8   0x08001fa8   0x00000002   Code   RO         3070    i.HAL_TIMEx_CommutCallback  stm32f3xx_hal_tim_ex.o
    0x08001faa   0x08001faa   0x00000002   PAD
    0x08001fac   0x08001fac   0x00000074   Code   RO         3089    i.HAL_TIMEx_MasterConfigSynchronization  stm32f3xx_hal_tim_ex.o
    0x08002020   0x08002020   0x00000062   Code   RO         2354    i.HAL_TIM_Base_Init  stm32f3xx_hal_tim.o
    0x08002082   0x08002082   0x00000002   PAD
    0x08002084   0x08002084   0x00000038   Code   RO          355    i.HAL_TIM_Base_MspInit  stm32f3xx_hal_msp.o
    0x080020bc   0x080020bc   0x00000064   Code   RO         2359    i.HAL_TIM_Base_Start_IT  stm32f3xx_hal_tim.o
    0x08002120   0x08002120   0x000000e0   Code   RO         2363    i.HAL_TIM_ConfigClockSource  stm32f3xx_hal_tim.o
    0x08002200   0x08002200   0x00000002   Code   RO         2388    i.HAL_TIM_IC_CaptureCallback  stm32f3xx_hal_tim.o
    0x08002202   0x08002202   0x00000146   Code   RO         2402    i.HAL_TIM_IRQHandler  stm32f3xx_hal_tim.o
    0x08002348   0x08002348   0x00000002   Code   RO         2405    i.HAL_TIM_OC_DelayElapsedCallback  stm32f3xx_hal_tim.o
    0x0800234a   0x0800234a   0x00000002   Code   RO         2432    i.HAL_TIM_PWM_PulseFinishedCallback  stm32f3xx_hal_tim.o
    0x0800234c   0x0800234c   0x00000014   Code   RO           14    i.HAL_TIM_PeriodElapsedCallback  main.o
    0x08002360   0x08002360   0x00000002   Code   RO         2445    i.HAL_TIM_TriggerCallback  stm32f3xx_hal_tim.o
    0x08002362   0x08002362   0x00000002   Code   RO         3356    i.HAL_UARTEx_RxEventCallback  stm32f3xx_hal_uart.o
    0x08002364   0x08002364   0x00000002   Code   RO         3748    i.HAL_UARTEx_WakeupCallback  stm32f3xx_hal_uart_ex.o
    0x08002366   0x08002366   0x00000002   Code   RO         3372    i.HAL_UART_ErrorCallback  stm32f3xx_hal_uart.o
    0x08002368   0x08002368   0x000002b8   Code   RO         3375    i.HAL_UART_IRQHandler  stm32f3xx_hal_uart.o
    0x08002620   0x08002620   0x00000066   Code   RO         3376    i.HAL_UART_Init     stm32f3xx_hal_uart.o
    0x08002686   0x08002686   0x00000002   PAD
    0x08002688   0x08002688   0x00000074   Code   RO          357    i.HAL_UART_MspInit  stm32f3xx_hal_msp.o
    0x080026fc   0x080026fc   0x0000003c   Code   RO         3381    i.HAL_UART_Receive_IT  stm32f3xx_hal_uart.o
    0x08002738   0x08002738   0x00000044   Code   RO           15    i.HAL_UART_RxCpltCallback  main.o
    0x0800277c   0x0800277c   0x000000a4   Code   RO         3385    i.HAL_UART_Transmit  stm32f3xx_hal_uart.o
    0x08002820   0x08002820   0x00000002   Code   RO         3388    i.HAL_UART_TxCpltCallback  stm32f3xx_hal_uart.o
    0x08002822   0x08002822   0x00000002   Code   RO          265    i.HardFault_Handler  stm32f3xx_it.o
    0x08002824   0x08002824   0x00000060   Code   RO           16    i.MX_ADC1_Init      main.o
    0x08002884   0x08002884   0x000000f0   Code   RO           17    i.MX_GPIO_Init      main.o
    0x08002974   0x08002974   0x00000060   Code   RO           18    i.MX_TIM2_Init      main.o
    0x080029d4   0x080029d4   0x00000038   Code   RO           19    i.MX_USART2_UART_Init  main.o
    0x08002a0c   0x08002a0c   0x00000002   Code   RO          266    i.MemManage_Handler  stm32f3xx_it.o
    0x08002a0e   0x08002a0e   0x00000002   Code   RO          267    i.NMI_Handler       stm32f3xx_it.o
    0x08002a10   0x08002a10   0x00000002   Code   RO          268    i.PendSV_Handler    stm32f3xx_it.o
    0x08002a12   0x08002a12   0x00000002   Code   RO          269    i.SVC_Handler       stm32f3xx_it.o
    0x08002a14   0x08002a14   0x00000004   Code   RO          270    i.SysTick_Handler   stm32f3xx_it.o
    0x08002a18   0x08002a18   0x00000056   Code   RO           20    i.SystemClock_Config  main.o
    0x08002a6e   0x08002a6e   0x00000002   PAD
    0x08002a70   0x08002a70   0x00000010   Code   RO         3818    i.SystemInit        system_stm32f3xx.o
    0x08002a80   0x08002a80   0x0000000c   Code   RO          271    i.TIM2_IRQHandler   stm32f3xx_it.o
    0x08002a8c   0x08002a8c   0x00000094   Code   RO         2447    i.TIM_Base_SetConfig  stm32f3xx_hal_tim.o
    0x08002b20   0x08002b20   0x00000014   Code   RO         2458    i.TIM_ETR_SetConfig  stm32f3xx_hal_tim.o
    0x08002b34   0x08002b34   0x00000010   Code   RO         2459    i.TIM_ITRx_SetConfig  stm32f3xx_hal_tim.o
    0x08002b44   0x08002b44   0x00000022   Code   RO         2467    i.TIM_TI1_ConfigInputStage  stm32f3xx_hal_tim.o
    0x08002b66   0x08002b66   0x00000024   Code   RO         2469    i.TIM_TI2_ConfigInputStage  stm32f3xx_hal_tim.o
    0x08002b8a   0x08002b8a   0x000000c8   Code   RO         3390    i.UART_AdvFeatureConfig  stm32f3xx_hal_uart.o
    0x08002c52   0x08002c52   0x000000a8   Code   RO         3391    i.UART_CheckIdleState  stm32f3xx_hal_uart.o
    0x08002cfa   0x08002cfa   0x00000014   Code   RO         3392    i.UART_DMAAbortOnError  stm32f3xx_hal_uart.o
    0x08002d0e   0x08002d0e   0x0000004c   Code   RO         3402    i.UART_EndRxTransfer  stm32f3xx_hal_uart.o
    0x08002d5a   0x08002d5a   0x000000be   Code   RO         3404    i.UART_RxISR_16BIT  stm32f3xx_hal_uart.o
    0x08002e18   0x08002e18   0x000000be   Code   RO         3405    i.UART_RxISR_8BIT   stm32f3xx_hal_uart.o
    0x08002ed6   0x08002ed6   0x00000002   PAD
    0x08002ed8   0x08002ed8   0x00000140   Code   RO         3406    i.UART_SetConfig    stm32f3xx_hal_uart.o
    0x08003018   0x08003018   0x000000b8   Code   RO         3408    i.UART_Start_Receive_IT  stm32f3xx_hal_uart.o
    0x080030d0   0x080030d0   0x00000094   Code   RO         3411    i.UART_WaitOnFlagUntilTimeout  stm32f3xx_hal_uart.o
    0x08003164   0x08003164   0x0000000c   Code   RO          272    i.USART2_IRQHandler  stm32f3xx_it.o
    0x08003170   0x08003170   0x00000002   Code   RO          273    i.UsageFault_Handler  stm32f3xx_it.o
    0x08003172   0x08003172   0x00000020   Code   RO         1326    i.__NVIC_SetPriority  stm32f3xx_hal_cortex.o
    0x08003192   0x08003192   0x0000000e   Code   RO         3880    i._is_digit         c_w.l(__printf_wp.o)
    0x080031a0   0x080031a0   0x00000078   Code   RO           21    i.apply_preset      main.o
    0x08003218   0x08003218   0x00000048   Code   RO           22    i.button_poll       main.o
    0x08003260   0x08003260   0x00000006   Code   RO           23    i.lcd_cmd           main.o
    0x08003266   0x08003266   0x00000018   Code   RO           24    i.lcd_delay_us      main.o
    0x0800327e   0x0800327e   0x0000001c   Code   RO           25    i.lcd_print         main.o
    0x0800329a   0x0800329a   0x0000001c   Code   RO           26    i.lcd_set_cursor    main.o
    0x080032b6   0x080032b6   0x00000002   PAD
    0x080032b8   0x080032b8   0x00000108   Code   RO           27    i.lcd_update        main.o
    0x080033c0   0x080033c0   0x000000b4   Code   RO           28    i.lcd_write_bus     main.o
    0x08003474   0x08003474   0x000001c4   Code   RO           29    i.main              main.o
    0x08003638   0x08003638   0x00000088   Code   RO           30    i.uart_log          main.o
    0x080036c0   0x080036c0   0x000000a0   Code   RO           31    i.uart_parse_line   main.o
    0x08003760   0x08003760   0x00000050   Code   RO           32    i.uart_process_rx   main.o
    0x080037b0   0x080037b0   0x00000100   Code   RO           33    i.update_state      main.o
    0x080038b0   0x080038b0   0x0000002c   Code   RO         3966    locale$$code        c_w.l(lc_ctype_c.o)
    0x080038dc   0x080038dc   0x0000000a   Code   RO         4050    x$fpl$fpinit        fz_wm.l(fpinit.o)
    0x080038e6   0x080038e6   0x00000002   PAD
    0x080038e8   0x080038e8   0x000000fe   Data   RO           35    .constdata          main.o
    0x080039e6   0x080039e6   0x00000020   Data   RO         1013    .constdata          stm32f3xx_hal_rcc.o
    0x08003a06   0x08003a06   0x00000010   Data   RO         3819    .constdata          system_stm32f3xx.o
    0x08003a16   0x08003a16   0x00000008   Data   RO         3820    .constdata          system_stm32f3xx.o
    0x08003a1e   0x08003a1e   0x00000002   PAD
    0x08003a20   0x08003a20   0x00000053   Data   RO           36    .conststring        main.o
    0x08003a73   0x08003a73   0x00000001   PAD
    0x08003a74   0x08003a74   0x00000020   Data   RO         4108    Region$$Table       anon$$obj.o
    0x08003a94   0x08003a94   0x00000110   Data   RO         3965    locale$$data        c_w.l(lc_ctype_c.o)


    Execution Region RW_IRAM2 (Exec base: 0x10000000, Load base: 0x08003bf0, Size: 0x00000000, Max: 0x00001000, ABSOLUTE)

    **** No section assigned to this execution region ****


    Execution Region RW_IRAM1 (Exec base: 0x20000000, Load base: 0x08003ba4, Size: 0x00000860, Max: 0x00003000, ABSOLUTE)

    Exec Addr    Load Addr    Size         Type   Attr      Idx    E Section Name        Object

    0x20000000   0x08003ba4   0x0000003c   Data   RW           37    .data               main.o
    0x2000003c   0x08003be0   0x0000000c   Data   RW          850    .data               stm32f3xx_hal.o
    0x20000048   0x08003bec   0x00000004   Data   RW         3821    .data               system_stm32f3xx.o
    0x2000004c        -       0x000001b4   Zero   RW           34    .bss                main.o
    0x20000200        -       0x00000060   Zero   RW         3931    .bss                c_w.l(libspace.o)
    0x20000260        -       0x00000200   Zero   RW            2    HEAP                startup_stm32f303x8.o
    0x20000460        -       0x00000400   Zero   RW            1    STACK               startup_stm32f303x8.o


==============================================================================

Image component sizes


      Code (inc. data)   RO Data    RW Data    ZI Data      Debug   Object Name

      2508        280        337         60        436     558079   main.o
        64         26        392          0       1536        840   startup_stm32f303x8.o
       164         28          0         12          0      14513   stm32f3xx_hal.o
      2158         58          0          0          0       8512   stm32f3xx_hal_adc_ex.o
       198         14          0          0          0      32247   stm32f3xx_hal_cortex.o
       146          0          0          0          0       1803   stm32f3xx_hal_dma.o
       580         26          0          0          0       3560   stm32f3xx_hal_gpio.o
       304         28          0          0          0       2922   stm32f3xx_hal_msp.o
      1984         76         32          0          0       5716   stm32f3xx_hal_rcc.o
      1010         42          0          0          0      10289   stm32f3xx_hal_tim.o
       122         12          0          0          0       3064   stm32f3xx_hal_tim_ex.o
      2524         64          0          0          0      14505   stm32f3xx_hal_uart.o
         2          0          0          0          0       1016   stm32f3xx_hal_uart_ex.o
        44         12          0          0          0       5052   stm32f3xx_it.o
        16          4         24          4          0       1115   system_stm32f3xx.o

    ----------------------------------------------------------------------
     11846        670        820         76       1972     663233   Object Totals
         0          0         32          0          0          0   (incl. Generated)
        22          0          3          0          0          0   (incl. Padding)

    ----------------------------------------------------------------------

      Code (inc. data)   RO Data    RW Data    ZI Data      Debug   Library Member Name

        56          6          0          0          0         88   __2snprintf.o
         8          0          0          0          0         68   __main.o
       284          0          0          0          0        156   __printf_wp.o
         0          0          0          0          0          0   __rtentry.o
        12          0          0          0          0          0   __rtentry2.o
         6          0          0          0          0          0   __rtentry4.o
        52          8          0          0          0          0   __scatter.o
        26          0          0          0          0          0   __scatter_copy.o
        28          0          0          0          0          0   __scatter_zi.o
        28          0          0          0          0         68   _chval.o
        44          0          0          0          0        108   _printf_char.o
        48          6          0          0          0         96   _printf_char_common.o
       120         16          0          0          0         92   _printf_dec.o
       178          0          0          0          0         88   _printf_intcommon.o
        78          0          0          0          0        108   _printf_pad.o
         0          0          0          0          0          0   _printf_percent.o
         4          0          0          0          0          0   _printf_percent_end.o
         6          0          0          0          0          0   _printf_s.o
        82          0          0          0          0         80   _printf_str.o
         6          0          0          0          0          0   _printf_u.o
        16          0          0          0          0         68   _snputc.o
        10          0          0          0          0         68   _sputc.o
       158          0          0          0          0         92   _strtoul.o
        16          0          0          0          0         68   aeabi_memset.o
        26          0          0          0          0         80   atoi.o
        18          0          0          0          0         80   exit.o
         6          0          0          0          0        152   heapauxi.o
         0          0          0          0          0          0   indicate_semi.o
        44         10        272          0          0         76   lc_ctype_c.o
         2          0          0          0          0          0   libinit.o
        24          0          0          0          0          0   libinit2.o
         2          0          0          0          0          0   libshutdown.o
         2          0          0          0          0          0   libshutdown2.o
         8          4          0          0         96         68   libspace.o
       238          0          0          0          0        100   lludivv7m.o
        16          4          0          0          0         76   rt_ctype_table.o
         8          4          0          0          0         68   rt_errno_addr_intlibspace.o
         8          4          0          0          0         68   rt_locale_intlibspace.o
        68          0          0          0          0         68   rt_memclr.o
        78          0          0          0          0         80   rt_memclr_w.o
         2          0          0          0          0          0   rtexit.o
        10          0          0          0          0          0   rtexit2.o
       128          0          0          0          0         68   strcmpv7m.o
       150          0          0          0          0         80   strncmp.o
       112          0          0          0          0         88   strtol.o
        12          4          0          0          0         68   sys_exit.o
        74          0          0          0          0         80   sys_stackheap_outer.o
         2          0          0          0          0         68   use_no_semi.o
        10          0          0          0          0        116   fpinit.o

    ----------------------------------------------------------------------
      2330         66        272          0         96       2732   Library Totals
        16          0          0          0          0          0   (incl. Padding)

    ----------------------------------------------------------------------

      Code (inc. data)   RO Data    RW Data    ZI Data      Debug   Library Name

      2304         66        272          0         96       2616   c_w.l
        10          0          0          0          0        116   fz_wm.l

    ----------------------------------------------------------------------
      2330         66        272          0         96       2732   Library Totals

    ----------------------------------------------------------------------

==============================================================================


      Code (inc. data)   RO Data    RW Data    ZI Data      Debug   

     14176        736       1092         76       2068     655309   Grand Totals
     14176        736       1092         76       2068     655309   ELF Image Totals
     14176        736       1092         76          0          0   ROM Totals

==============================================================================

    Total RO  Size (Code + RO Data)                15268 (  14.91kB)
    Total RW  Size (RW Data + ZI Data)              2144 (   2.09kB)
    Total ROM Size (Code + RO Data + RW Data)      15344 (  14.98kB)

==============================================================================

